

================================================================
== Vitis HLS Report for 'r2plus1d'
================================================================
* Date:           Fri Oct 28 00:50:12 2022

* Version:        2021.1 (Build 3247384 on Thu Jun 10 19:36:33 MDT 2021)
* Project:        hls_r2plus1d
* Solution:       zcu104 (Vivado IP Flow Target)
* Product family: zynquplus
* Target device:  xczu7ev-ffvc1156-2-e


================================================================
== Performance Estimates
================================================================
+ Timing: 
    * Summary: 
    +--------+----------+----------+------------+
    |  Clock |  Target  | Estimated| Uncertainty|
    +--------+----------+----------+------------+
    |ap_clk  |  10.00 ns|  7.300 ns|     2.70 ns|
    +--------+----------+----------+------------+

+ Latency: 
    * Summary: 
    +---------+---------+----------+----------+-----+-----+---------+
    |  Latency (cycles) |  Latency (absolute) |  Interval | Pipeline|
    |   min   |   max   |    min   |    max   | min | max |   Type  |
    +---------+---------+----------+----------+-----+-----+---------+
    |        ?|        ?|         ?|         ?|    ?|    ?|       no|
    +---------+---------+----------+----------+-----+-----+---------+

    + Detail: 
        * Instance: 
        +------------------------------------------------+------------------------------------+----------+----------+-----------+-----------+----------+----------+---------+
        |                                                |                                    |   Latency (cycles)  |   Latency (absolute)  |       Interval      | Pipeline|
        |                    Instance                    |               Module               |    min   |    max   |    min    |    max    |    min   |    max   |   Type  |
        +------------------------------------------------+------------------------------------+----------+----------+-----------+-----------+----------+----------+---------+
        |grp_Conv3d_12_fu_1156                           |Conv3d_12                           |  47134084|  47134084|  0.471 sec|  0.471 sec|  47134084|  47134084|       no|
        |grp_r2plus1d_Pipeline_VITIS_LOOP_12_1_fu_1170   |r2plus1d_Pipeline_VITIS_LOOP_12_1   |        12|        12|   0.120 us|   0.120 us|        12|        12|       no|
        |grp_BatchNorm3d_5_fu_1176                       |BatchNorm3d_5                       |  10950168|  10950168|  0.110 sec|  0.110 sec|  10950168|  10950168|       no|
        |grp_r2plus1d_Pipeline_VITIS_LOOP_7_1_fu_1189    |r2plus1d_Pipeline_VITIS_LOOP_7_1    |    141123|    141123|   1.411 ms|   1.411 ms|    141123|    141123|       no|
        |grp_Conv3d_11_fu_1194                           |Conv3d_11                           |  62218244|  62218244|  0.622 sec|  0.622 sec|  62218244|  62218244|       no|
        |grp_BatchNorm3d_4_fu_1206                       |BatchNorm3d_4                       |  15573574|  15573574|  0.156 sec|  0.156 sec|  15573574|  15573574|       no|
        |grp_r2plus1d_Pipeline_VITIS_LOOP_7_111_fu_1223  |r2plus1d_Pipeline_VITIS_LOOP_7_111  |    200707|    200707|   2.007 ms|   2.007 ms|    200707|    200707|       no|
        |grp_Sequential_fu_1228                          |Sequential                          |         ?|         ?|          ?|          ?|         ?|         ?|       no|
        |grp_r2plus1d_Pipeline_VITIS_LOOP_23_2_fu_1448   |r2plus1d_Pipeline_VITIS_LOOP_23_2   |      1539|      1539|  15.390 us|  15.390 us|      1539|      1539|       no|
        |grp_r2plus1d_Pipeline_VITIS_LOOP_17_4_fu_1454   |r2plus1d_Pipeline_VITIS_LOOP_17_4   |      4640|      4640|  46.400 us|  46.400 us|      4640|      4640|       no|
        +------------------------------------------------+------------------------------------+----------+----------+-----------+-----------+----------+----------+---------+

        * Loop: 
        +-------------------+---------+---------+----------+-----------+-----------+------+----------+
        |                   |  Latency (cycles) | Iteration|  Initiation Interval  | Trip |          |
        |     Loop Name     |   min   |   max   |  Latency |  achieved |   target  | Count| Pipelined|
        +-------------------+---------+---------+----------+-----------+-----------+------+----------+
        |- VITIS_LOOP_16_3  |    46440|    46440|      4644|          -|          -|    10|        no|
        +-------------------+---------+---------+----------+-----------+-----------+------+----------+



================================================================
== Utilization Estimates
================================================================
* Summary: 
+-----------------+---------+------+--------+--------+-----+
|       Name      | BRAM_18K|  DSP |   FF   |   LUT  | URAM|
+-----------------+---------+------+--------+--------+-----+
|DSP              |        -|     -|       -|       -|    -|
|Expression       |        -|     -|       0|      23|    -|
|FIFO             |        -|     -|       -|       -|    -|
|Instance         |     6863|   342|   54976|  147315|    0|
|Memory           |     6308|     -|      64|       5|    0|
|Multiplexer      |        -|     -|       -|     939|    -|
|Register         |        -|     -|      70|       -|    -|
+-----------------+---------+------+--------+--------+-----+
|Total            |    13171|   342|   55110|  148282|    0|
+-----------------+---------+------+--------+--------+-----+
|Available        |      624|  1728|  460800|  230400|   96|
+-----------------+---------+------+--------+--------+-----+
|Utilization (%)  |     2110|    19|      11|      64|    0|
+-----------------+---------+------+--------+--------+-----+

+ Detail: 
    * Instance: 
    +------------------------------------------------+------------------------------------+---------+-----+-------+--------+-----+
    |                    Instance                    |               Module               | BRAM_18K| DSP |   FF  |   LUT  | URAM|
    +------------------------------------------------+------------------------------------+---------+-----+-------+--------+-----+
    |grp_BatchNorm3d_4_fu_1206                       |BatchNorm3d_4                       |       18|   14|   2806|    5995|    0|
    |grp_BatchNorm3d_5_fu_1176                       |BatchNorm3d_5                       |       18|   14|   2681|    6127|    0|
    |grp_Conv3d_11_fu_1194                           |Conv3d_11                           |        0|    3|    556|    2794|    0|
    |grp_Conv3d_12_fu_1156                           |Conv3d_12                           |        0|    3|    603|    3086|    0|
    |grp_Sequential_fu_1228                          |Sequential                          |     6827|  300|  46769|  123192|    0|
    |dadd_64ns_64ns_64_5_full_dsp_1_U770             |dadd_64ns_64ns_64_5_full_dsp_1      |        0|    3|    445|     782|    0|
    |ddiv_64ns_64ns_64_22_no_dsp_1_U771              |ddiv_64ns_64ns_64_22_no_dsp_1       |        0|    0|      0|       0|    0|
    |dsqrt_64ns_64ns_64_21_no_dsp_1_U773             |dsqrt_64ns_64ns_64_21_no_dsp_1      |        0|    0|      0|       0|    0|
    |grp_r2plus1d_Pipeline_VITIS_LOOP_12_1_fu_1170   |r2plus1d_Pipeline_VITIS_LOOP_12_1   |        0|    0|      6|      48|    0|
    |grp_r2plus1d_Pipeline_VITIS_LOOP_17_4_fu_1454   |r2plus1d_Pipeline_VITIS_LOOP_17_4   |        0|    2|    676|    1752|    0|
    |grp_r2plus1d_Pipeline_VITIS_LOOP_23_2_fu_1448   |r2plus1d_Pipeline_VITIS_LOOP_23_2   |        0|    3|    354|    3309|    0|
    |grp_r2plus1d_Pipeline_VITIS_LOOP_7_1_fu_1189    |r2plus1d_Pipeline_VITIS_LOOP_7_1    |        0|    0|     40|     115|    0|
    |grp_r2plus1d_Pipeline_VITIS_LOOP_7_111_fu_1223  |r2plus1d_Pipeline_VITIS_LOOP_7_111  |        0|    0|     40|     115|    0|
    |sitodp_32ns_64_4_no_dsp_1_U772                  |sitodp_32ns_64_4_no_dsp_1           |        0|    0|      0|       0|    0|
    +------------------------------------------------+------------------------------------+---------+-----+-------+--------+-----+
    |Total                                           |                                    |     6863|  342|  54976|  147315|    0|
    +------------------------------------------------+------------------------------------+---------+-----+-------+--------+-----+

    * DSP: 
    N/A

    * Memory: 
    +------------------+--------------------------------------------------------+---------+----+----+-----+--------+-----+------+-------------+
    |      Memory      |                         Module                         | BRAM_18K| FF | LUT| URAM|  Words | Bits| Banks| W*Bits*Banks|
    +------------------+--------------------------------------------------------+---------+----+----+-----+--------+-----+------+-------------+
    |mask_table_U      |BatchNorm3d_5_Pipeline_VITIS_LOOP_45_15_mask_table      |        2|   0|   0|    0|      64|   52|     1|         3328|
    |one_half_table_U  |BatchNorm3d_5_Pipeline_VITIS_LOOP_45_15_one_half_table  |        2|   0|   0|    0|      64|   53|     1|         3392|
    |X_adap_U          |X_adap                                                  |        1|   0|   0|    0|     512|   27|     1|        13824|
    |X_linear_U        |X_linear                                                |        0|  64|   5|    0|      10|   32|     1|          320|
    |X_seq_U           |X_seq                                                   |     5696|   0|   0|    0|  200704|   32|     1|      6422528|
    |X_stem_1_U        |X_stem_1                                                |      251|   0|   0|    0|  141120|   32|     1|      4515840|
    |X_stem_2_U        |X_stem_2                                                |      356|   0|   0|    0|  200704|   32|     1|      6422528|
    +------------------+--------------------------------------------------------+---------+----+----+-----+--------+-----+------+-------------+
    |Total             |                                                        |     6308|  64|   5|    0|  543178|  260|     7|     17381760|
    +------------------+--------------------------------------------------------+---------+----+----+-----+--------+-----+------+-------------+

    * FIFO: 
    N/A

    * Expression: 
    +---------------------------------+----------+----+---+----+------------+------------+
    |          Variable Name          | Operation| DSP| FF| LUT| Bitwidth P0| Bitwidth P1|
    +---------------------------------+----------+----+---+----+------------+------------+
    |add_ln16_fu_1481_p2              |         +|   0|  0|  12|           4|           1|
    |icmp_ln16_fu_1475_p2             |      icmp|   0|  0|   9|           4|           4|
    |ap_block_state2_on_subcall_done  |        or|   0|  0|   2|           1|           1|
    +---------------------------------+----------+----+---+----+------------+------------+
    |Total                            |          |   0|  0|  23|           9|           6|
    +---------------------------------+----------+----+---+----+------------+------------+

    * Multiplexer: 
    +-------------------------+-----+-----------+-----+-----------+
    |           Name          | LUT | Input Size| Bits| Total Bits|
    +-------------------------+-----+-----------+-----+-----------+
    |X_adap_address0          |   14|          3|    9|         27|
    |X_adap_ce0               |   14|          3|    1|          3|
    |X_adap_we0               |    9|          2|    1|          2|
    |X_linear_address0        |   20|          4|    4|         16|
    |X_linear_ce0             |   20|          4|    1|          4|
    |X_linear_d0              |   14|          3|   32|         96|
    |X_linear_we0             |   14|          3|    1|          3|
    |X_seq_address0           |   14|          3|   18|         54|
    |X_seq_ce0                |   14|          3|    1|          3|
    |X_seq_ce1                |    9|          2|    1|          2|
    |X_seq_ce10               |    9|          2|    1|          2|
    |X_seq_ce11               |    9|          2|    1|          2|
    |X_seq_ce12               |    9|          2|    1|          2|
    |X_seq_ce13               |    9|          2|    1|          2|
    |X_seq_ce14               |    9|          2|    1|          2|
    |X_seq_ce15               |    9|          2|    1|          2|
    |X_seq_ce16               |    9|          2|    1|          2|
    |X_seq_ce2                |    9|          2|    1|          2|
    |X_seq_ce3                |    9|          2|    1|          2|
    |X_seq_ce4                |    9|          2|    1|          2|
    |X_seq_ce5                |    9|          2|    1|          2|
    |X_seq_ce6                |    9|          2|    1|          2|
    |X_seq_ce7                |    9|          2|    1|          2|
    |X_seq_ce8                |    9|          2|    1|          2|
    |X_seq_ce9                |    9|          2|    1|          2|
    |X_seq_we0                |    9|          2|    1|          2|
    |X_stem_1_address0        |   26|          5|   18|         90|
    |X_stem_1_ce0             |   26|          5|    1|          5|
    |X_stem_1_ce1             |    9|          2|    1|          2|
    |X_stem_1_d0              |   20|          4|   32|        128|
    |X_stem_1_we0             |   20|          4|    1|          4|
    |X_stem_2_address0        |   26|          5|   18|         90|
    |X_stem_2_address1        |   14|          3|   18|         54|
    |X_stem_2_ce0             |   26|          5|    1|          5|
    |X_stem_2_ce1             |   14|          3|    1|          3|
    |X_stem_2_d0              |   26|          5|   32|        160|
    |X_stem_2_we0             |   26|          5|    1|          5|
    |ap_NS_fsm                |  106|         21|    1|         21|
    |c_1_fu_442               |    9|          2|    4|          8|
    |grp_fu_2087_ce           |   20|          4|    1|          4|
    |grp_fu_2087_p0           |   20|          4|   64|        256|
    |grp_fu_2087_p1           |   20|          4|   64|        256|
    |grp_fu_2091_ce           |   20|          4|    1|          4|
    |grp_fu_2091_p0           |   20|          4|   64|        256|
    |grp_fu_2091_p1           |   20|          4|   64|        256|
    |grp_fu_2095_ce           |   20|          4|    1|          4|
    |grp_fu_2095_p0           |   20|          4|   32|        128|
    |grp_fu_2098_ce           |    9|          2|    1|          2|
    |mask_table_address0      |   37|          7|    6|         42|
    |mask_table_ce0           |   31|          6|    1|          6|
    |one_half_table_address0  |   37|          7|    6|         42|
    |one_half_table_ce0       |   31|          6|    1|          6|
    +-------------------------+-----+-----------+-----+-----------+
    |Total                    |  939|        191|  520|       2079|
    +-------------------------+-----+-----------+-----+-----------+

    * Register: 
    +-------------------------------------------------------------+----+----+-----+-----------+
    |                             Name                            | FF | LUT| Bits| Const Bits|
    +-------------------------------------------------------------+----+----+-----+-----------+
    |X_linear_load_reg_2082                                       |  32|   0|   32|          0|
    |ap_CS_fsm                                                    |  20|   0|   20|          0|
    |c_1_fu_442                                                   |   4|   0|    4|          0|
    |c_reg_2069                                                   |   4|   0|    4|          0|
    |grp_BatchNorm3d_4_fu_1206_ap_start_reg                       |   1|   0|    1|          0|
    |grp_BatchNorm3d_5_fu_1176_ap_start_reg                       |   1|   0|    1|          0|
    |grp_Conv3d_11_fu_1194_ap_start_reg                           |   1|   0|    1|          0|
    |grp_Conv3d_12_fu_1156_ap_start_reg                           |   1|   0|    1|          0|
    |grp_Sequential_fu_1228_ap_start_reg                          |   1|   0|    1|          0|
    |grp_r2plus1d_Pipeline_VITIS_LOOP_12_1_fu_1170_ap_start_reg   |   1|   0|    1|          0|
    |grp_r2plus1d_Pipeline_VITIS_LOOP_17_4_fu_1454_ap_start_reg   |   1|   0|    1|          0|
    |grp_r2plus1d_Pipeline_VITIS_LOOP_23_2_fu_1448_ap_start_reg   |   1|   0|    1|          0|
    |grp_r2plus1d_Pipeline_VITIS_LOOP_7_111_fu_1223_ap_start_reg  |   1|   0|    1|          0|
    |grp_r2plus1d_Pipeline_VITIS_LOOP_7_1_fu_1189_ap_start_reg    |   1|   0|    1|          0|
    +-------------------------------------------------------------+----+----+-----+-----------+
    |Total                                                        |  70|   0|   70|          0|
    +-------------------------------------------------------------+----+----+-----+-----------+



================================================================
== Interface
================================================================
* Summary: 
+----------------------------+-----+-----+------------+----------------------------+--------------+
|          RTL Ports         | Dir | Bits|  Protocol  |        Source Object       |    C Type    |
+----------------------------+-----+-----+------------+----------------------------+--------------+
|ap_clk                      |   in|    1|  ap_ctrl_hs|                    r2plus1d|  return value|
|ap_rst                      |   in|    1|  ap_ctrl_hs|                    r2plus1d|  return value|
|ap_start                    |   in|    1|  ap_ctrl_hs|                    r2plus1d|  return value|
|ap_done                     |  out|    1|  ap_ctrl_hs|                    r2plus1d|  return value|
|ap_idle                     |  out|    1|  ap_ctrl_hs|                    r2plus1d|  return value|
|ap_ready                    |  out|    1|  ap_ctrl_hs|                    r2plus1d|  return value|
|X                           |   in|   32|     ap_none|                           X|       pointer|
|Y                           |   in|   32|     ap_none|                           Y|       pointer|
|Kernel_stem_0               |   in|   32|     ap_none|               Kernel_stem_0|       pointer|
|Kernel_stem_3               |   in|   32|     ap_none|               Kernel_stem_3|       pointer|
|Mu_stem_1                   |   in|   64|     ap_none|                   Mu_stem_1|       pointer|
|Mu_stem_4                   |   in|   64|     ap_none|                   Mu_stem_4|       pointer|
|Var_stem_1                  |   in|   64|     ap_none|                  Var_stem_1|       pointer|
|Var_stem_4                  |   in|   64|     ap_none|                  Var_stem_4|       pointer|
|Gamma_stem_1                |   in|   64|     ap_none|                Gamma_stem_1|       pointer|
|Gamma_stem_4                |   in|   64|     ap_none|                Gamma_stem_4|       pointer|
|Bias_stem_1                 |   in|   64|     ap_none|                 Bias_stem_1|       pointer|
|Bias_stem_4                 |   in|   64|     ap_none|                 Bias_stem_4|       pointer|
|Kernel_seq1_0_conv1_0_0     |   in|   32|     ap_none|     Kernel_seq1_0_conv1_0_0|       pointer|
|Kernel_seq1_0_conv1_0_3     |   in|   32|     ap_none|     Kernel_seq1_0_conv1_0_3|       pointer|
|Kernel_seq1_0_conv2_0_0     |   in|   32|     ap_none|     Kernel_seq1_0_conv2_0_0|       pointer|
|Kernel_seq1_0_conv2_0_3     |   in|   32|     ap_none|     Kernel_seq1_0_conv2_0_3|       pointer|
|Kernel_seq1_1_conv1_0_0     |   in|   32|     ap_none|     Kernel_seq1_1_conv1_0_0|       pointer|
|Kernel_seq1_1_conv1_0_3     |   in|   32|     ap_none|     Kernel_seq1_1_conv1_0_3|       pointer|
|Kernel_seq1_1_conv2_0_0     |   in|   32|     ap_none|     Kernel_seq1_1_conv2_0_0|       pointer|
|Kernel_seq1_1_conv2_0_3     |   in|   32|     ap_none|     Kernel_seq1_1_conv2_0_3|       pointer|
|Mu_seq1_0_conv1_0_1         |   in|   64|     ap_none|         Mu_seq1_0_conv1_0_1|       pointer|
|Mu_seq1_0_conv1_1           |   in|   64|     ap_none|           Mu_seq1_0_conv1_1|       pointer|
|Mu_seq1_0_conv2_0_1         |   in|   64|     ap_none|         Mu_seq1_0_conv2_0_1|       pointer|
|Mu_seq1_0_conv2_1           |   in|   64|     ap_none|           Mu_seq1_0_conv2_1|       pointer|
|Mu_seq1_1_conv1_0_1         |   in|   64|     ap_none|         Mu_seq1_1_conv1_0_1|       pointer|
|Mu_seq1_1_conv1_1           |   in|   64|     ap_none|           Mu_seq1_1_conv1_1|       pointer|
|Mu_seq1_1_conv2_0_1         |   in|   64|     ap_none|         Mu_seq1_1_conv2_0_1|       pointer|
|Mu_seq1_1_conv2_1           |   in|   64|     ap_none|           Mu_seq1_1_conv2_1|       pointer|
|Var_seq1_0_conv1_0_1        |   in|   64|     ap_none|        Var_seq1_0_conv1_0_1|       pointer|
|Var_seq1_0_conv1_1          |   in|   64|     ap_none|          Var_seq1_0_conv1_1|       pointer|
|Var_seq1_0_conv2_0_1        |   in|   64|     ap_none|        Var_seq1_0_conv2_0_1|       pointer|
|Var_seq1_0_conv2_1          |   in|   64|     ap_none|          Var_seq1_0_conv2_1|       pointer|
|Var_seq1_1_conv1_0_1        |   in|   64|     ap_none|        Var_seq1_1_conv1_0_1|       pointer|
|Var_seq1_1_conv1_1          |   in|   64|     ap_none|          Var_seq1_1_conv1_1|       pointer|
|Var_seq1_1_conv2_0_1        |   in|   64|     ap_none|        Var_seq1_1_conv2_0_1|       pointer|
|Var_seq1_1_conv2_1          |   in|   64|     ap_none|          Var_seq1_1_conv2_1|       pointer|
|Gamma_seq1_0_conv1_0_1      |   in|   64|     ap_none|      Gamma_seq1_0_conv1_0_1|       pointer|
|Gamma_seq1_0_conv1_1        |   in|   64|     ap_none|        Gamma_seq1_0_conv1_1|       pointer|
|Gamma_seq1_0_conv2_0_1      |   in|   64|     ap_none|      Gamma_seq1_0_conv2_0_1|       pointer|
|Gamma_seq1_0_conv2_1        |   in|   64|     ap_none|        Gamma_seq1_0_conv2_1|       pointer|
|Gamma_seq1_1_conv1_0_1      |   in|   64|     ap_none|      Gamma_seq1_1_conv1_0_1|       pointer|
|Gamma_seq1_1_conv1_1        |   in|   64|     ap_none|        Gamma_seq1_1_conv1_1|       pointer|
|Gamma_seq1_1_conv2_0_1      |   in|   64|     ap_none|      Gamma_seq1_1_conv2_0_1|       pointer|
|Gamma_seq1_1_conv2_1        |   in|   64|     ap_none|        Gamma_seq1_1_conv2_1|       pointer|
|Bias_seq1_0_conv1_0_1       |   in|   64|     ap_none|       Bias_seq1_0_conv1_0_1|       pointer|
|Bias_seq1_0_conv1_1         |   in|   64|     ap_none|         Bias_seq1_0_conv1_1|       pointer|
|Bias_seq1_0_conv2_0_1       |   in|   64|     ap_none|       Bias_seq1_0_conv2_0_1|       pointer|
|Bias_seq1_0_conv2_1         |   in|   64|     ap_none|         Bias_seq1_0_conv2_1|       pointer|
|Bias_seq1_1_conv1_0_1       |   in|   64|     ap_none|       Bias_seq1_1_conv1_0_1|       pointer|
|Bias_seq1_1_conv1_1         |   in|   64|     ap_none|         Bias_seq1_1_conv1_1|       pointer|
|Bias_seq1_1_conv2_0_1       |   in|   64|     ap_none|       Bias_seq1_1_conv2_0_1|       pointer|
|Bias_seq1_1_conv2_1         |   in|   64|     ap_none|         Bias_seq1_1_conv2_1|       pointer|
|Kernel_seq2_0_conv1_0_0     |   in|   32|     ap_none|     Kernel_seq2_0_conv1_0_0|       pointer|
|Kernel_seq2_0_conv1_0_3     |   in|   32|     ap_none|     Kernel_seq2_0_conv1_0_3|       pointer|
|Kernel_seq2_0_conv2_0_0     |   in|   32|     ap_none|     Kernel_seq2_0_conv2_0_0|       pointer|
|Kernel_seq2_0_conv2_0_3     |   in|   32|     ap_none|     Kernel_seq2_0_conv2_0_3|       pointer|
|Kernel_seq2_0_downsample_0  |   in|   32|     ap_none|  Kernel_seq2_0_downsample_0|       pointer|
|Kernel_seq2_1_conv1_0_0     |   in|   32|     ap_none|     Kernel_seq2_1_conv1_0_0|       pointer|
|Kernel_seq2_1_conv1_0_3     |   in|   32|     ap_none|     Kernel_seq2_1_conv1_0_3|       pointer|
|Kernel_seq2_1_conv2_0_0     |   in|   32|     ap_none|     Kernel_seq2_1_conv2_0_0|       pointer|
|Kernel_seq2_1_conv2_0_3     |   in|   32|     ap_none|     Kernel_seq2_1_conv2_0_3|       pointer|
|Mu_seq2_0_conv1_0_1         |   in|   64|     ap_none|         Mu_seq2_0_conv1_0_1|       pointer|
|Mu_seq2_0_conv1_1           |   in|   64|     ap_none|           Mu_seq2_0_conv1_1|       pointer|
|Mu_seq2_0_conv2_0_1         |   in|   64|     ap_none|         Mu_seq2_0_conv2_0_1|       pointer|
|Mu_seq2_0_conv2_1           |   in|   64|     ap_none|           Mu_seq2_0_conv2_1|       pointer|
|Mu_seq2_0_downsample_1      |   in|   64|     ap_none|      Mu_seq2_0_downsample_1|       pointer|
|Mu_seq2_1_conv1_0_1         |   in|   64|     ap_none|         Mu_seq2_1_conv1_0_1|       pointer|
|Mu_seq2_1_conv1_1           |   in|   64|     ap_none|           Mu_seq2_1_conv1_1|       pointer|
|Mu_seq2_1_conv2_0_1         |   in|   64|     ap_none|         Mu_seq2_1_conv2_0_1|       pointer|
|Mu_seq2_1_conv2_1           |   in|   64|     ap_none|           Mu_seq2_1_conv2_1|       pointer|
|Var_seq2_0_conv1_0_1        |   in|   64|     ap_none|        Var_seq2_0_conv1_0_1|       pointer|
|Var_seq2_0_conv1_1          |   in|   64|     ap_none|          Var_seq2_0_conv1_1|       pointer|
|Var_seq2_0_conv2_0_1        |   in|   64|     ap_none|        Var_seq2_0_conv2_0_1|       pointer|
|Var_seq2_0_conv2_1          |   in|   64|     ap_none|          Var_seq2_0_conv2_1|       pointer|
|Var_seq2_0_downsample_1     |   in|   64|     ap_none|     Var_seq2_0_downsample_1|       pointer|
|Var_seq2_1_conv1_0_1        |   in|   64|     ap_none|        Var_seq2_1_conv1_0_1|       pointer|
|Var_seq2_1_conv1_1          |   in|   64|     ap_none|          Var_seq2_1_conv1_1|       pointer|
|Var_seq2_1_conv2_0_1        |   in|   64|     ap_none|        Var_seq2_1_conv2_0_1|       pointer|
|Var_seq2_1_conv2_1          |   in|   64|     ap_none|          Var_seq2_1_conv2_1|       pointer|
|Gamma_seq2_0_conv1_0_1      |   in|   64|     ap_none|      Gamma_seq2_0_conv1_0_1|       pointer|
|Gamma_seq2_0_conv1_1        |   in|   64|     ap_none|        Gamma_seq2_0_conv1_1|       pointer|
|Gamma_seq2_0_conv2_0_1      |   in|   64|     ap_none|      Gamma_seq2_0_conv2_0_1|       pointer|
|Gamma_seq2_0_conv2_1        |   in|   64|     ap_none|        Gamma_seq2_0_conv2_1|       pointer|
|Gamma_seq2_0_downsample_1   |   in|   64|     ap_none|   Gamma_seq2_0_downsample_1|       pointer|
|Gamma_seq2_1_conv1_0_1      |   in|   64|     ap_none|      Gamma_seq2_1_conv1_0_1|       pointer|
|Gamma_seq2_1_conv1_1        |   in|   64|     ap_none|        Gamma_seq2_1_conv1_1|       pointer|
|Gamma_seq2_1_conv2_0_1      |   in|   64|     ap_none|      Gamma_seq2_1_conv2_0_1|       pointer|
|Gamma_seq2_1_conv2_1        |   in|   64|     ap_none|        Gamma_seq2_1_conv2_1|       pointer|
|Bais_seq2_0_conv1_0_1       |   in|   64|     ap_none|       Bais_seq2_0_conv1_0_1|       pointer|
|Bais_seq2_0_conv1_1         |   in|   64|     ap_none|         Bais_seq2_0_conv1_1|       pointer|
|Bais_seq2_0_conv2_0_1       |   in|   64|     ap_none|       Bais_seq2_0_conv2_0_1|       pointer|
|Bais_seq2_0_conv2_1         |   in|   64|     ap_none|         Bais_seq2_0_conv2_1|       pointer|
|Bais_seq2_0_downsample_1    |   in|   64|     ap_none|    Bais_seq2_0_downsample_1|       pointer|
|Bais_seq2_1_conv1_0_1       |   in|   64|     ap_none|       Bais_seq2_1_conv1_0_1|       pointer|
|Bais_seq2_1_conv1_1         |   in|   64|     ap_none|         Bais_seq2_1_conv1_1|       pointer|
|Bais_seq2_1_conv2_0_1       |   in|   64|     ap_none|       Bais_seq2_1_conv2_0_1|       pointer|
|Bais_seq2_1_conv2_1         |   in|   64|     ap_none|         Bais_seq2_1_conv2_1|       pointer|
|Kernel_seq3_0_conv1_0_0     |   in|   32|     ap_none|     Kernel_seq3_0_conv1_0_0|       pointer|
|Kernel_seq3_0_conv1_0_3     |   in|   32|     ap_none|     Kernel_seq3_0_conv1_0_3|       pointer|
|Kernel_seq3_0_conv2_0_0     |   in|   32|     ap_none|     Kernel_seq3_0_conv2_0_0|       pointer|
|Kernel_seq3_0_conv2_0_3     |   in|   32|     ap_none|     Kernel_seq3_0_conv2_0_3|       pointer|
|Kernel_seq3_0_downsample_0  |   in|   32|     ap_none|  Kernel_seq3_0_downsample_0|       pointer|
|Kernel_seq3_1_conv1_0_0     |   in|   32|     ap_none|     Kernel_seq3_1_conv1_0_0|       pointer|
|Kernel_seq3_1_conv1_0_3     |   in|   32|     ap_none|     Kernel_seq3_1_conv1_0_3|       pointer|
|Kernel_seq3_1_conv2_0_0     |   in|   32|     ap_none|     Kernel_seq3_1_conv2_0_0|       pointer|
|Kernel_seq3_1_conv2_0_3     |   in|   32|     ap_none|     Kernel_seq3_1_conv2_0_3|       pointer|
|Mu_seq3_0_conv1_0_1         |   in|   64|     ap_none|         Mu_seq3_0_conv1_0_1|       pointer|
|Mu_seq3_0_conv1_1           |   in|   64|     ap_none|           Mu_seq3_0_conv1_1|       pointer|
|Mu_seq3_0_conv2_0_1         |   in|   64|     ap_none|         Mu_seq3_0_conv2_0_1|       pointer|
|Mu_seq3_0_conv2_1           |   in|   64|     ap_none|           Mu_seq3_0_conv2_1|       pointer|
|Mu_seq3_0_downsample_1      |   in|   64|     ap_none|      Mu_seq3_0_downsample_1|       pointer|
|Mu_seq3_1_conv1_0_1         |   in|   64|     ap_none|         Mu_seq3_1_conv1_0_1|       pointer|
|Mu_seq3_1_conv1_1           |   in|   64|     ap_none|           Mu_seq3_1_conv1_1|       pointer|
|Mu_seq3_1_conv2_0_1         |   in|   64|     ap_none|         Mu_seq3_1_conv2_0_1|       pointer|
|Mu_seq3_1_conv2_1           |   in|   64|     ap_none|           Mu_seq3_1_conv2_1|       pointer|
|Var_seq3_0_conv1_0_1        |   in|   64|     ap_none|        Var_seq3_0_conv1_0_1|       pointer|
|Var_seq3_0_conv1_1          |   in|   64|     ap_none|          Var_seq3_0_conv1_1|       pointer|
|Var_seq3_0_conv2_0_1        |   in|   64|     ap_none|        Var_seq3_0_conv2_0_1|       pointer|
|Var_seq3_0_conv2_1          |   in|   64|     ap_none|          Var_seq3_0_conv2_1|       pointer|
|Var_seq3_0_downsample_1     |   in|   64|     ap_none|     Var_seq3_0_downsample_1|       pointer|
|Var_seq3_1_conv1_0_1        |   in|   64|     ap_none|        Var_seq3_1_conv1_0_1|       pointer|
|Var_seq3_1_conv1_1          |   in|   64|     ap_none|          Var_seq3_1_conv1_1|       pointer|
|Var_seq3_1_conv2_0_1        |   in|   64|     ap_none|        Var_seq3_1_conv2_0_1|       pointer|
|Var_seq3_1_conv2_1          |   in|   64|     ap_none|          Var_seq3_1_conv2_1|       pointer|
|Gamma_seq3_0_conv1_0_1      |   in|   64|     ap_none|      Gamma_seq3_0_conv1_0_1|       pointer|
|Gamma_seq3_0_conv1_1        |   in|   64|     ap_none|        Gamma_seq3_0_conv1_1|       pointer|
|Gamma_seq3_0_conv2_0_1      |   in|   64|     ap_none|      Gamma_seq3_0_conv2_0_1|       pointer|
|Gamma_seq3_0_conv2_1        |   in|   64|     ap_none|        Gamma_seq3_0_conv2_1|       pointer|
|Gamma_seq3_0_downsample_1   |   in|   64|     ap_none|   Gamma_seq3_0_downsample_1|       pointer|
|Gamma_seq3_1_conv1_0_1      |   in|   64|     ap_none|      Gamma_seq3_1_conv1_0_1|       pointer|
|Gamma_seq3_1_conv1_1        |   in|   64|     ap_none|        Gamma_seq3_1_conv1_1|       pointer|
|Gamma_seq3_1_conv2_0_1      |   in|   64|     ap_none|      Gamma_seq3_1_conv2_0_1|       pointer|
|Gamma_seq3_1_conv2_1        |   in|   64|     ap_none|        Gamma_seq3_1_conv2_1|       pointer|
|Bais_seq3_0_conv1_0_1       |   in|   64|     ap_none|       Bais_seq3_0_conv1_0_1|       pointer|
|Bais_seq3_0_conv1_1         |   in|   64|     ap_none|         Bais_seq3_0_conv1_1|       pointer|
|Bais_seq3_0_conv2_0_1       |   in|   64|     ap_none|       Bais_seq3_0_conv2_0_1|       pointer|
|Bais_seq3_0_conv2_1         |   in|   64|     ap_none|         Bais_seq3_0_conv2_1|       pointer|
|Bais_seq3_0_downsample_1    |   in|   64|     ap_none|    Bais_seq3_0_downsample_1|       pointer|
|Bais_seq3_1_conv1_0_1       |   in|   64|     ap_none|       Bais_seq3_1_conv1_0_1|       pointer|
|Bais_seq3_1_conv1_1         |   in|   64|     ap_none|         Bais_seq3_1_conv1_1|       pointer|
|Bais_seq3_1_conv2_0_1       |   in|   64|     ap_none|       Bais_seq3_1_conv2_0_1|       pointer|
|Bais_seq3_1_conv2_1         |   in|   64|     ap_none|         Bais_seq3_1_conv2_1|       pointer|
|Kernel_seq4_0_conv1_0_0     |   in|   32|     ap_none|     Kernel_seq4_0_conv1_0_0|       pointer|
|Kernel_seq4_0_conv1_0_3     |   in|   32|     ap_none|     Kernel_seq4_0_conv1_0_3|       pointer|
|Kernel_seq4_0_conv2_0_0     |   in|   32|     ap_none|     Kernel_seq4_0_conv2_0_0|       pointer|
|Kernel_seq4_0_conv2_0_3     |   in|   32|     ap_none|     Kernel_seq4_0_conv2_0_3|       pointer|
|Kernel_seq4_0_downsample_0  |   in|   32|     ap_none|  Kernel_seq4_0_downsample_0|       pointer|
|Kernel_seq4_1_conv1_0_0     |   in|   32|     ap_none|     Kernel_seq4_1_conv1_0_0|       pointer|
|Kernel_seq4_1_conv1_0_3     |   in|   32|     ap_none|     Kernel_seq4_1_conv1_0_3|       pointer|
|Kernel_seq4_1_conv2_0_0     |   in|   32|     ap_none|     Kernel_seq4_1_conv2_0_0|       pointer|
|Kernel_seq4_1_conv2_0_3     |   in|   32|     ap_none|     Kernel_seq4_1_conv2_0_3|       pointer|
|Mu_seq4_0_conv1_0_1         |   in|   64|     ap_none|         Mu_seq4_0_conv1_0_1|       pointer|
|Mu_seq4_0_conv1_1           |   in|   64|     ap_none|           Mu_seq4_0_conv1_1|       pointer|
|Mu_seq4_0_conv2_0_1         |   in|   64|     ap_none|         Mu_seq4_0_conv2_0_1|       pointer|
|Mu_seq4_0_conv2_1           |   in|   64|     ap_none|           Mu_seq4_0_conv2_1|       pointer|
|Mu_seq4_0_downsample_1      |   in|   64|     ap_none|      Mu_seq4_0_downsample_1|       pointer|
|Mu_seq4_1_conv1_0_1         |   in|   64|     ap_none|         Mu_seq4_1_conv1_0_1|       pointer|
|Mu_seq4_1_conv1_1           |   in|   64|     ap_none|           Mu_seq4_1_conv1_1|       pointer|
|Mu_seq4_1_conv2_0_1         |   in|   64|     ap_none|         Mu_seq4_1_conv2_0_1|       pointer|
|Mu_seq4_1_conv2_1           |   in|   64|     ap_none|           Mu_seq4_1_conv2_1|       pointer|
|Var_seq4_0_conv1_0_1        |   in|   64|     ap_none|        Var_seq4_0_conv1_0_1|       pointer|
|Var_seq4_0_conv1_1          |   in|   64|     ap_none|          Var_seq4_0_conv1_1|       pointer|
|Var_seq4_0_conv2_0_1        |   in|   64|     ap_none|        Var_seq4_0_conv2_0_1|       pointer|
|Var_seq4_0_conv2_1          |   in|   64|     ap_none|          Var_seq4_0_conv2_1|       pointer|
|Var_seq4_0_downsample_1     |   in|   64|     ap_none|     Var_seq4_0_downsample_1|       pointer|
|Var_seq4_1_conv1_0_1        |   in|   64|     ap_none|        Var_seq4_1_conv1_0_1|       pointer|
|Var_seq4_1_conv1_1          |   in|   64|     ap_none|          Var_seq4_1_conv1_1|       pointer|
|Var_seq4_1_conv2_0_1        |   in|   64|     ap_none|        Var_seq4_1_conv2_0_1|       pointer|
|Var_seq4_1_conv2_1          |   in|   64|     ap_none|          Var_seq4_1_conv2_1|       pointer|
|Gamma_seq4_0_conv1_0_1      |   in|   64|     ap_none|      Gamma_seq4_0_conv1_0_1|       pointer|
|Gamma_seq4_0_conv1_1        |   in|   64|     ap_none|        Gamma_seq4_0_conv1_1|       pointer|
|Gamma_seq4_0_conv2_0_1      |   in|   64|     ap_none|      Gamma_seq4_0_conv2_0_1|       pointer|
|Gamma_seq4_0_conv2_1        |   in|   64|     ap_none|        Gamma_seq4_0_conv2_1|       pointer|
|Gamma_seq4_0_downsample_1   |   in|   64|     ap_none|   Gamma_seq4_0_downsample_1|       pointer|
|Gamma_seq4_1_conv1_0_1      |   in|   64|     ap_none|      Gamma_seq4_1_conv1_0_1|       pointer|
|Gamma_seq4_1_conv1_1        |   in|   64|     ap_none|        Gamma_seq4_1_conv1_1|       pointer|
|Gamma_seq4_1_conv2_0_1      |   in|   64|     ap_none|      Gamma_seq4_1_conv2_0_1|       pointer|
|Gamma_seq4_1_conv2_1        |   in|   64|     ap_none|        Gamma_seq4_1_conv2_1|       pointer|
|Bais_seq4_0_conv1_0_1       |   in|   64|     ap_none|       Bais_seq4_0_conv1_0_1|       pointer|
|Bais_seq4_0_conv1_1         |   in|   64|     ap_none|         Bais_seq4_0_conv1_1|       pointer|
|Bais_seq4_0_conv2_0_1       |   in|   64|     ap_none|       Bais_seq4_0_conv2_0_1|       pointer|
|Bais_seq4_0_conv2_1         |   in|   64|     ap_none|         Bais_seq4_0_conv2_1|       pointer|
|Bais_seq4_0_downsample_1    |   in|   64|     ap_none|    Bais_seq4_0_downsample_1|       pointer|
|Bais_seq4_1_conv1_0_1       |   in|   64|     ap_none|       Bais_seq4_1_conv1_0_1|       pointer|
|Bais_seq4_1_conv1_1         |   in|   64|     ap_none|         Bais_seq4_1_conv1_1|       pointer|
|Bais_seq4_1_conv2_0_1       |   in|   64|     ap_none|       Bais_seq4_1_conv2_0_1|       pointer|
|Bais_seq4_1_conv2_1         |   in|   64|     ap_none|         Bais_seq4_1_conv2_1|       pointer|
|Kernel_linear               |   in|   32|     ap_none|               Kernel_linear|       pointer|
+----------------------------+-----+-----+------------+----------------------------+--------------+

