

================================================================
== Synthesis Summary Report of 'r2plus1d'
================================================================
+ General Information: 
    * Date:           Sat Nov  5 02:30:44 2022
    * Version:        2021.1 (Build 3247384 on Thu Jun 10 19:36:33 MDT 2021)
    * Project:        R2plus1D
    * Solution:       solution1 (Vivado IP Flow Target)
    * Product family: zynquplus
    * Target device:  xczu7ev-ffvc1156-2-e
    

+ Performance & Resource Estimates: 
    
    PS: '+' for module; 'o' for loop; '*' for dataflow
    +------------------------------------------------------------------------------------------------------+--------+-------+-------------+-----------+----------+-------------+---------+----------+-----------+-----------+-------------+--------------+-----+
    |                                                Modules                                               |  Issue |       |   Latency   |  Latency  | Iteration|             |   Trip  |          |           |           |             |              |     |
    |                                                & Loops                                               |  Type  | Slack |   (cycles)  |    (ns)   |  Latency |   Interval  |  Count  | Pipelined|   BRAM    |    DSP    |      FF     |      LUT     | URAM|
    +------------------------------------------------------------------------------------------------------+--------+-------+-------------+-----------+----------+-------------+---------+----------+-----------+-----------+-------------+--------------+-----+
    |+ r2plus1d                                                                                            |  Timing|  -0.00|            -|          -|         -|            -|        -|        no|  237 (37%)|  320 (18%)|  63138 (13%)|  145120 (62%)|    -|
    | + grp_Conv3d_fu_956                                                                                  |  Timing|  -0.00|    738339841|  7.383e+09|         -|    738339841|        -|        no|    1 (~0%)|    1 (~0%)|    791 (~0%)|     2676 (1%)|    -|
    |  + grp_Conv3d_Pipeline_VITIS_LOOP_36_7_VITIS_LOOP_38_9_VITIS_LOOP_39_10_fu_258                       |  Timing|  -0.00|          307|  3.070e+03|         -|          307|        -|        no|          -|    1 (~0%)|    352 (~0%)|    1082 (~0%)|    -|
    |   o VITIS_LOOP_36_7_VITIS_LOOP_38_9_VITIS_LOOP_39_10                                                 |      II|   7.30|          305|  3.050e+03|        14|            2|      147|       yes|          -|          -|            -|             -|    -|
    |  o VITIS_LOOP_28_2_VITIS_LOOP_30_4_VITIS_LOOP_31_5                                                   |       -|   7.30|    738339840|  7.383e+09|       327|            -|  2257920|        no|          -|          -|            -|             -|    -|
    | + grp_BatchNorm3d_140_fu_974                                                                         |       -|   0.24|      4556180|  4.556e+07|         -|      4556180|        -|        no|    4 (~0%)|          -|    854 (~0%)|    1887 (~0%)|    -|
    |  + grp_BatchNorm3d_140_Pipeline_VITIS_LOOP_18_5_fu_184                                               |       -|   0.83|           59|    590.000|         -|           59|        -|        no|          -|          -|     90 (~0%)|     965 (~0%)|    -|
    |   o VITIS_LOOP_18_5                                                                                  |       -|   7.30|           57|    570.000|         3|            1|       56|       yes|          -|          -|            -|             -|    -|
    |  o VITIS_LOOP_14_1_VITIS_LOOP_16_3_VITIS_LOOP_17_4                                                   |       -|   7.30|      4556169|  4.556e+07|       113|            -|    40320|        no|          -|          -|            -|             -|    -|
    | + grp_r2plus1d_Pipeline_VITIS_LOOP_7_1_fu_994                                                        |       -|   5.95|      2257922|  2.258e+07|         -|      2257922|        -|        no|          -|          -|     33 (~0%)|      66 (~0%)|    -|
    |  o VITIS_LOOP_7_1                                                                                    |       -|   7.30|      2257920|  2.258e+07|         1|            1|  2257920|       yes|          -|          -|            -|             -|    -|
    | + grp_Conv3d_1_fu_1003                                                                               |  Timing|  -0.00|  11213733892|  1.121e+11|         -|  11213733892|        -|        no|          -|    6 (~0%)|    979 (~0%)|     2717 (1%)|    -|
    |  + grp_Conv3d_1_Pipeline_VITIS_LOOP_35_6_VITIS_LOOP_37_8_VITIS_LOOP_38_9_VITIS_LOOP_39_10_fu_334     |  Timing|  -0.00|         3469|  3.469e+04|         -|         3469|        -|        no|          -|    1 (~0%)|    340 (~0%)|     919 (~0%)|    -|
    |   o VITIS_LOOP_35_6_VITIS_LOOP_37_8_VITIS_LOOP_38_9_VITIS_LOOP_39_10                                 |       -|   7.30|         3467|  3.467e+04|        13|            1|     3456|       yes|          -|          -|            -|             -|    -|
    |  o VITIS_LOOP_27_1_VITIS_LOOP_29_3_VITIS_LOOP_30_4_VITIS_LOOP_31_5                                   |       -|   7.30|  11213733891|  1.121e+11|      3492|            -|  3211264|        no|          -|          -|            -|             -|    -|
    | + grp_BatchNorm3d_139_fu_1035                                                                        |       -|   0.24|      5963783|  5.964e+07|         -|      5963783|        -|        no|          -|    8 (~0%)|   1495 (~0%)|     2641 (1%)|    -|
    |  + grp_BatchNorm3d_139_Pipeline_VITIS_LOOP_18_5_fu_182                                               |       -|   0.83|           59|    590.000|         -|           59|        -|        no|          -|          -|    104 (~0%)|     965 (~0%)|    -|
    |   o VITIS_LOOP_18_5                                                                                  |       -|   7.30|           57|    570.000|         3|            1|       56|       yes|          -|          -|            -|             -|    -|
    |  o VITIS_LOOP_14_1_VITIS_LOOP_16_3_VITIS_LOOP_17_4                                                   |       -|   7.30|      5963776|  5.964e+07|       104|            -|    57344|        no|          -|          -|            -|             -|    -|
    | + grp_r2plus1d_Pipeline_VITIS_LOOP_7_11_fu_1063                                                      |       -|   5.95|      3211266|  3.211e+07|         -|      3211266|        -|        no|          -|          -|     25 (~0%)|      57 (~0%)|    -|
    |  o VITIS_LOOP_7_1                                                                                    |       -|   7.30|      3211264|  3.211e+07|         1|            1|  3211264|       yes|          -|          -|            -|             -|    -|
    | + grp_Sequential_fu_1070                                                                             |  Timing|  -0.00|            -|          -|         -|            -|        -|        no|  225 (36%)|  274 (15%)|  50354 (10%)|  124364 (53%)|    -|
    |  + grp_Sequential_Pipeline_VITIS_LOOP_66_1_fu_1070                                                   |       -|   5.81|      3211266|  3.211e+07|         -|      3211266|        -|        no|          -|          -|     24 (~0%)|      71 (~0%)|    -|
    |   o VITIS_LOOP_66_1                                                                                  |       -|   7.30|      3211264|  3.211e+07|         1|            1|  3211264|       yes|          -|          -|            -|             -|    -|
    |  + grp_Conv2Plus1D_115_fu_1077                                                                       |  Timing|  -0.00|  11290616082|  1.129e+11|         -|  11290616082|        -|        no|          -|   15 (~0%)|   3261 (~0%)|     8422 (3%)|    -|
    |   + grp_Conv3d_2_fu_199                                                                              |  Timing|  -0.00|     68753665|  6.875e+08|         -|     68753665|        -|        no|          -|    1 (~0%)|    698 (~0%)|     2577 (1%)|    -|
    |    + grp_Conv3d_2_Pipeline_VITIS_LOOP_35_6_VITIS_LOOP_37_8_VITIS_LOOP_38_9_VITIS_LOOP_39_10_fu_276   |  Timing|  -0.00|          589|  5.890e+03|         -|          589|        -|        no|          -|    1 (~0%)|    325 (~0%)|    1149 (~0%)|    -|
    |     o VITIS_LOOP_35_6_VITIS_LOOP_37_8_VITIS_LOOP_38_9_VITIS_LOOP_39_10                               |       -|   7.30|          587|  5.870e+03|        13|            1|      576|       yes|          -|          -|            -|             -|    -|
    |    o VITIS_LOOP_27_1_VITIS_LOOP_29_3_VITIS_LOOP_30_4_VITIS_LOOP_31_5                                 |       -|   7.30|     68753664|  6.875e+08|       609|            -|   112896|        no|          -|          -|            -|             -|    -|
    |   + grp_BatchNorm3d_fu_225                                                                           |       -|   0.24|       903175|  9.032e+06|         -|       903175|        -|        no|          -|    5 (~0%)|   1398 (~0%)|     2552 (1%)|    -|
    |    + grp_BatchNorm3d_Pipeline_VITIS_LOOP_18_5_fu_216                                                 |       -|   0.40|           10|    100.000|         -|           10|        -|        no|          -|          -|    112 (~0%)|     987 (~0%)|    -|
    |     o VITIS_LOOP_18_5                                                                                |       -|   7.30|            8|     80.000|         3|            1|        7|       yes|          -|          -|            -|             -|    -|
    |    o VITIS_LOOP_14_1_VITIS_LOOP_16_3_VITIS_LOOP_17_4                                                 |       -|   7.30|       903168|  9.032e+06|        56|            -|    16128|        no|          -|          -|            -|             -|    -|
    |   + grp_Conv3d_1_fu_251                                                                              |  Timing|  -0.00|  11213733892|  1.121e+11|         -|  11213733892|        -|        no|          -|    6 (~0%)|    979 (~0%)|     2717 (1%)|    -|
    |    + grp_Conv3d_1_Pipeline_VITIS_LOOP_35_6_VITIS_LOOP_37_8_VITIS_LOOP_38_9_VITIS_LOOP_39_10_fu_334   |  Timing|  -0.00|         3469|  3.469e+04|         -|         3469|        -|        no|          -|    1 (~0%)|    340 (~0%)|     919 (~0%)|    -|
    |     o VITIS_LOOP_35_6_VITIS_LOOP_37_8_VITIS_LOOP_38_9_VITIS_LOOP_39_10                               |       -|   7.30|         3467|  3.467e+04|        13|            1|     3456|       yes|          -|          -|            -|             -|    -|
    |    o VITIS_LOOP_27_1_VITIS_LOOP_29_3_VITIS_LOOP_30_4_VITIS_LOOP_31_5                                 |       -|   7.30|  11213733891|  1.121e+11|      3492|            -|  3211264|        no|          -|          -|            -|             -|    -|
    |   o VITIS_LOOP_7_1                                                                                   |       -|   7.30|      7225344|  7.225e+07|         1|            1|  7225344|       yes|          -|          -|            -|             -|    -|
    |  + grp_BatchNorm3d_139_fu_1172                                                                       |       -|   0.24|      5963783|  5.964e+07|         -|      5963783|        -|        no|          -|    8 (~0%)|   1495 (~0%)|     2641 (1%)|    -|
    |   + grp_BatchNorm3d_139_Pipeline_VITIS_LOOP_18_5_fu_182                                              |       -|   0.83|           59|    590.000|         -|           59|        -|        no|          -|          -|    104 (~0%)|     965 (~0%)|    -|
    |    o VITIS_LOOP_18_5                                                                                 |       -|   7.30|           57|    570.000|         3|            1|       56|       yes|          -|          -|            -|             -|    -|
    |   o VITIS_LOOP_14_1_VITIS_LOOP_16_3_VITIS_LOOP_17_4                                                  |       -|   7.30|      5963776|  5.964e+07|       104|            -|    57344|        no|          -|          -|            -|             -|    -|
    |  + grp_ReLU_fu_1222                                                                                  |       -|   5.07|            -|          -|         -|            -|        -|        no|          -|    2 (~0%)|     81 (~0%)|     176 (~0%)|    -|
    |   o VITIS_LOOP_7_1                                                                                   |       -|   7.30|            -|          -|         1|            1|        -|       yes|          -|          -|            -|             -|    -|
    |  + grp_Residual_fu_1264                                                                              |       -|   0.01|            -|          -|         -|            -|        -|        no|          -|    7 (~0%)|    742 (~0%)|    1324 (~0%)|    -|
    |   o VITIS_LOOP_7_1                                                                                   |      II|   7.30|            -|          -|        25|           24|        -|       yes|          -|          -|            -|             -|    -|
    |  + grp_Sequential_Pipeline_VITIS_LOOP_84_2_fu_1347                                                   |       -|   5.81|      3211266|  3.211e+07|         -|      3211266|        -|        no|          -|          -|     32 (~0%)|      80 (~0%)|    -|
    |   o VITIS_LOOP_84_2                                                                                  |       -|   7.30|      3211264|  3.211e+07|         1|            1|  3211264|       yes|          -|          -|            -|             -|    -|
    |  + grp_Sequential_Pipeline_VITIS_LOOP_106_3_fu_1356                                                  |       -|   5.81|      3211266|  3.211e+07|         -|      3211266|        -|        no|          -|          -|     32 (~0%)|      80 (~0%)|    -|
    |   o VITIS_LOOP_106_3                                                                                 |       -|   7.30|      3211264|  3.211e+07|         1|            1|  3211264|       yes|          -|          -|            -|             -|    -|
    |  + grp_Conv2Plus1D_3_fu_1366                                                                         |  Timing|  -0.00|   3077168664|  3.077e+10|         -|   3077168664|        -|        no|    6 (~0%)|    22 (1%)|   3616 (~0%)|     8893 (3%)|    -|
    |   + grp_Conv3d_4_fu_163                                                                              |  Timing|  -0.00|    268240903|  2.682e+09|         -|    268240903|        -|        no|          -|    7 (~0%)|    992 (~0%)|     3123 (1%)|    -|
    |    + grp_Conv3d_4_Pipeline_VITIS_LOOP_35_6_VITIS_LOOP_37_8_VITIS_LOOP_38_9_VITIS_LOOP_39_10_fu_332   |  Timing|  -0.00|         1165|  1.165e+04|         -|         1165|        -|        no|          -|    1 (~0%)|    323 (~0%)|    1332 (~0%)|    -|
    |     o VITIS_LOOP_35_6_VITIS_LOOP_37_8_VITIS_LOOP_38_9_VITIS_LOOP_39_10                               |       -|   7.30|         1163|  1.163e+04|        13|            1|     1152|       yes|          -|          -|            -|             -|    -|
    |    o VITIS_LOOP_27_1_VITIS_LOOP_29_3_VITIS_LOOP_30_4_VITIS_LOOP_31_5                                 |       -|   7.30|    268240899|  2.682e+09|      1188|            -|   225792|        no|          -|          -|            -|             -|    -|
    |   + grp_BatchNorm3d_129_fu_199                                                                       |       -|   0.24|      1806343|  1.806e+07|         -|      1806343|        -|        no|          -|    9 (~0%)|   1556 (~0%)|     2719 (1%)|    -|
    |    + grp_BatchNorm3d_129_Pipeline_VITIS_LOOP_18_5_fu_230                                             |       -|   0.40|           10|    100.000|         -|           10|        -|        no|          -|          -|    112 (~0%)|     987 (~0%)|    -|
    |     o VITIS_LOOP_18_5                                                                                |       -|   7.30|            8|     80.000|         3|            1|        7|       yes|          -|          -|            -|             -|    -|
    |    o VITIS_LOOP_14_1_VITIS_LOOP_16_3_VITIS_LOOP_17_4                                                 |       -|   7.30|      1806336|  1.806e+07|        56|            -|    32256|        no|          -|          -|            -|             -|    -|
    |   + grp_Conv3d_3_fu_231                                                                              |  Timing|  -0.00|   2804236292|  2.804e+10|         -|   2804236292|        -|        no|          -|    6 (~0%)|   1011 (~0%)|     2731 (1%)|    -|
    |    + grp_Conv3d_3_Pipeline_VITIS_LOOP_35_6_VITIS_LOOP_37_8_VITIS_LOOP_38_9_VITIS_LOOP_39_10_fu_378   |  Timing|  -0.00|         3470|  3.470e+04|         -|         3470|        -|        no|          -|    1 (~0%)|    347 (~0%)|     911 (~0%)|    -|
    |     o VITIS_LOOP_35_6_VITIS_LOOP_37_8_VITIS_LOOP_38_9_VITIS_LOOP_39_10                               |       -|   7.30|         3468|  3.468e+04|        14|            1|     3456|       yes|          -|          -|            -|             -|    -|
    |    o VITIS_LOOP_27_1_VITIS_LOOP_29_3_VITIS_LOOP_30_4_VITIS_LOOP_31_5                                 |       -|   7.30|   2804236291|  2.804e+10|      3493|            -|   802816|        no|          -|          -|            -|             -|    -|
    |   o VITIS_LOOP_7_1                                                                                   |       -|   7.30|      2885120|  2.885e+07|         1|            1|  2885120|       yes|          -|          -|            -|             -|    -|
    |  + grp_BatchNorm3d_138_fu_1399                                                                       |       -|   0.24|      2207751|  2.208e+07|         -|      2207751|        -|        no|          -|    8 (~0%)|   1530 (~0%)|     2695 (1%)|    -|
    |   + grp_BatchNorm3d_138_Pipeline_VITIS_LOOP_18_5_fu_216                                              |       -|   0.40|           31|    310.000|         -|           31|        -|        no|          -|          -|    114 (~0%)|     990 (~0%)|    -|
    |    o VITIS_LOOP_18_5                                                                                 |       -|   7.30|           29|    290.000|         3|            1|       28|       yes|          -|          -|            -|             -|    -|
    |   o VITIS_LOOP_14_1_VITIS_LOOP_16_3_VITIS_LOOP_17_4                                                  |       -|   7.30|      2207744|  2.208e+07|        77|            -|    28672|        no|          -|          -|            -|             -|    -|
    |  + grp_Conv2Plus1D_114_fu_1443                                                                       |  Timing|  -0.00|   3075726104|  3.076e+10|         -|   3075726104|        -|        no|    6 (~0%)|    22 (1%)|   3615 (~0%)|     8910 (3%)|    -|
    |   + grp_Conv3d_4_fu_159                                                                              |  Timing|  -0.00|    268240903|  2.682e+09|         -|    268240903|        -|        no|          -|    7 (~0%)|    992 (~0%)|     3123 (1%)|    -|
    |    + grp_Conv3d_4_Pipeline_VITIS_LOOP_35_6_VITIS_LOOP_37_8_VITIS_LOOP_38_9_VITIS_LOOP_39_10_fu_332   |  Timing|  -0.00|         1165|  1.165e+04|         -|         1165|        -|        no|          -|    1 (~0%)|    323 (~0%)|    1332 (~0%)|    -|
    |     o VITIS_LOOP_35_6_VITIS_LOOP_37_8_VITIS_LOOP_38_9_VITIS_LOOP_39_10                               |       -|   7.30|         1163|  1.163e+04|        13|            1|     1152|       yes|          -|          -|            -|             -|    -|
    |    o VITIS_LOOP_27_1_VITIS_LOOP_29_3_VITIS_LOOP_30_4_VITIS_LOOP_31_5                                 |       -|   7.30|    268240899|  2.682e+09|      1188|            -|   225792|        no|          -|          -|            -|             -|    -|
    |   + grp_BatchNorm3d_129_fu_195                                                                       |       -|   0.24|      1806343|  1.806e+07|         -|      1806343|        -|        no|          -|    9 (~0%)|   1556 (~0%)|     2719 (1%)|    -|
    |    + grp_BatchNorm3d_129_Pipeline_VITIS_LOOP_18_5_fu_230                                             |       -|   0.40|           10|    100.000|         -|           10|        -|        no|          -|          -|    112 (~0%)|     987 (~0%)|    -|
    |     o VITIS_LOOP_18_5                                                                                |       -|   7.30|            8|     80.000|         3|            1|        7|       yes|          -|          -|            -|             -|    -|
    |    o VITIS_LOOP_14_1_VITIS_LOOP_16_3_VITIS_LOOP_17_4                                                 |       -|   7.30|      1806336|  1.806e+07|        56|            -|    32256|        no|          -|          -|            -|             -|    -|
    |   + grp_Conv3d_3_fu_227                                                                              |  Timing|  -0.00|   2804236292|  2.804e+10|         -|   2804236292|        -|        no|          -|    6 (~0%)|   1011 (~0%)|     2731 (1%)|    -|
    |    + grp_Conv3d_3_Pipeline_VITIS_LOOP_35_6_VITIS_LOOP_37_8_VITIS_LOOP_38_9_VITIS_LOOP_39_10_fu_378   |  Timing|  -0.00|         3470|  3.470e+04|         -|         3470|        -|        no|          -|    1 (~0%)|    347 (~0%)|     911 (~0%)|    -|
    |     o VITIS_LOOP_35_6_VITIS_LOOP_37_8_VITIS_LOOP_38_9_VITIS_LOOP_39_10                               |       -|   7.30|         3468|  3.468e+04|        14|            1|     3456|       yes|          -|          -|            -|             -|    -|
    |    o VITIS_LOOP_27_1_VITIS_LOOP_29_3_VITIS_LOOP_30_4_VITIS_LOOP_31_5                                 |       -|   7.30|   2804236291|  2.804e+10|      3493|            -|   802816|        no|          -|          -|            -|             -|    -|
    |   o VITIS_LOOP_7_1                                                                                   |       -|   7.30|      1442560|  1.443e+07|         1|            1|  1442560|       yes|          -|          -|            -|             -|    -|
    |  + grp_Conv3d_3_fu_1474                                                                              |  Timing|  -0.00|   2804236292|  2.804e+10|         -|   2804236292|        -|        no|          -|    6 (~0%)|   1011 (~0%)|     2731 (1%)|    -|
    |   + grp_Conv3d_3_Pipeline_VITIS_LOOP_35_6_VITIS_LOOP_37_8_VITIS_LOOP_38_9_VITIS_LOOP_39_10_fu_378    |  Timing|  -0.00|         3470|  3.470e+04|         -|         3470|        -|        no|          -|    1 (~0%)|    347 (~0%)|     911 (~0%)|    -|
    |    o VITIS_LOOP_35_6_VITIS_LOOP_37_8_VITIS_LOOP_38_9_VITIS_LOOP_39_10                                |       -|   7.30|         3468|  3.468e+04|        14|            1|     3456|       yes|          -|          -|            -|             -|    -|
    |   o VITIS_LOOP_27_1_VITIS_LOOP_29_3_VITIS_LOOP_30_4_VITIS_LOOP_31_5                                  |       -|   7.30|   2804236291|  2.804e+10|      3493|            -|   802816|        no|          -|          -|            -|             -|    -|
    |  + grp_BatchNorm3d_3_fu_1517                                                                         |       -|   0.24|     31424522|  3.142e+08|         -|     31424522|        -|        no|    4 (~0%)|    5 (~0%)|   1174 (~0%)|    2276 (~0%)|    -|
    |   + grp_BatchNorm3d_3_Pipeline_VITIS_LOOP_18_5_fu_188                                                |       -|   0.24|         1066|  1.066e+04|         -|         1066|        -|        no|          -|    5 (~0%)|    652 (~0%)|    1612 (~0%)|    -|
    |    o VITIS_LOOP_18_5                                                                                 |      II|   7.30|         1064|  1.064e+04|        39|           38|       28|       yes|          -|          -|            -|             -|    -|
    |   o VITIS_LOOP_14_1_VITIS_LOOP_16_3_VITIS_LOOP_17_4                                                  |       -|   7.30|     31424521|  3.142e+08|      1096|            -|    28672|        no|          -|          -|            -|             -|    -|
    |  + grp_Sequential_Pipeline_VITIS_LOOP_130_4_fu_1536                                                  |       -|   5.80|       802818|  8.028e+06|         -|       802818|        -|        no|          -|          -|     30 (~0%)|      77 (~0%)|    -|
    |   o VITIS_LOOP_130_4                                                                                 |       -|   7.30|       802816|  8.028e+06|         1|            1|   802816|       yes|          -|          -|            -|             -|    -|
    |  + grp_Conv2Plus1D_113_fu_1545                                                                       |  Timing|  -0.00|   2940727570|  2.941e+10|         -|   2940727570|        -|        no|          -|   15 (~0%)|   3295 (~0%)|     8466 (3%)|    -|
    |   + grp_Conv3d_5_fu_205                                                                              |  Timing|  -0.00|    133781761|  1.338e+09|         -|    133781761|        -|        no|          -|    1 (~0%)|    701 (~0%)|     2607 (1%)|    -|
    |    + grp_Conv3d_5_Pipeline_VITIS_LOOP_35_6_VITIS_LOOP_37_8_VITIS_LOOP_38_9_VITIS_LOOP_39_10_fu_278   |  Timing|  -0.00|         1165|  1.165e+04|         -|         1165|        -|        no|          -|    1 (~0%)|    328 (~0%)|    1177 (~0%)|    -|
    |     o VITIS_LOOP_35_6_VITIS_LOOP_37_8_VITIS_LOOP_38_9_VITIS_LOOP_39_10                               |       -|   7.30|         1163|  1.163e+04|        13|            1|     1152|       yes|          -|          -|            -|             -|    -|
    |    o VITIS_LOOP_27_1_VITIS_LOOP_29_3_VITIS_LOOP_30_4_VITIS_LOOP_31_5                                 |       -|   7.30|    133781760|  1.338e+09|      1185|            -|   112896|        no|          -|          -|            -|             -|    -|
    |   + grp_BatchNorm3d_130_fu_231                                                                       |       -|   0.24|       903175|  9.032e+06|         -|       903175|        -|        no|          -|    5 (~0%)|   1399 (~0%)|     2554 (1%)|    -|
    |    + grp_BatchNorm3d_130_Pipeline_VITIS_LOOP_18_5_fu_216                                             |       -|   0.40|           10|    100.000|         -|           10|        -|        no|          -|          -|    112 (~0%)|     987 (~0%)|    -|
    |     o VITIS_LOOP_18_5                                                                                |       -|   7.30|            8|     80.000|         3|            1|        7|       yes|          -|          -|            -|             -|    -|
    |    o VITIS_LOOP_14_1_VITIS_LOOP_16_3_VITIS_LOOP_17_4                                                 |       -|   7.30|       903168|  9.032e+06|        56|            -|    16128|        no|          -|          -|            -|             -|    -|
    |   + grp_Conv3d_3_fu_257                                                                              |  Timing|  -0.00|   2804236292|  2.804e+10|         -|   2804236292|        -|        no|          -|    6 (~0%)|   1011 (~0%)|     2731 (1%)|    -|
    |    + grp_Conv3d_3_Pipeline_VITIS_LOOP_35_6_VITIS_LOOP_37_8_VITIS_LOOP_38_9_VITIS_LOOP_39_10_fu_378   |  Timing|  -0.00|         3470|  3.470e+04|         -|         3470|        -|        no|          -|    1 (~0%)|    347 (~0%)|     911 (~0%)|    -|
    |     o VITIS_LOOP_35_6_VITIS_LOOP_37_8_VITIS_LOOP_38_9_VITIS_LOOP_39_10                               |       -|   7.30|         3468|  3.468e+04|        14|            1|     3456|       yes|          -|          -|            -|             -|    -|
    |    o VITIS_LOOP_27_1_VITIS_LOOP_29_3_VITIS_LOOP_30_4_VITIS_LOOP_31_5                                 |       -|   7.30|   2804236291|  2.804e+10|      3493|            -|   802816|        no|          -|          -|            -|             -|    -|
    |   o VITIS_LOOP_7_1                                                                                   |       -|   7.30|      1806336|  1.806e+07|         1|            1|  1806336|       yes|          -|          -|            -|             -|    -|
    |  + grp_BatchNorm3d_137_fu_1608                                                                       |       -|   0.24|      2465812|  2.466e+07|         -|      2465812|        -|        no|    4 (~0%)|          -|    892 (~0%)|    1950 (~0%)|    -|
    |   + grp_BatchNorm3d_137_Pipeline_VITIS_LOOP_18_5_fu_224                                              |       -|   0.40|           31|    310.000|         -|           31|        -|        no|          -|          -|    100 (~0%)|     990 (~0%)|    -|
    |    o VITIS_LOOP_18_5                                                                                 |       -|   7.30|           29|    290.000|         3|            1|       28|       yes|          -|          -|            -|             -|    -|
    |   o VITIS_LOOP_14_1_VITIS_LOOP_16_3_VITIS_LOOP_17_4                                                  |       -|   7.30|      2465801|  2.466e+07|        86|            -|    28672|        no|          -|          -|            -|             -|    -|
    |  + grp_Sequential_Pipeline_VITIS_LOOP_152_5_fu_1627                                                  |       -|   5.80|       802818|  8.028e+06|         -|       802818|        -|        no|          -|          -|     30 (~0%)|      77 (~0%)|    -|
    |   o VITIS_LOOP_152_5                                                                                 |       -|   7.30|       802816|  8.028e+06|         1|            1|   802816|       yes|          -|          -|            -|             -|    -|
    |  + grp_Conv2Plus1D_2_fu_1637                                                                         |  Timing|  -0.00|   1231939992|  1.232e+10|         -|   1231939992|        -|        no|    6 (~0%)|    22 (1%)|   3605 (~0%)|     8886 (3%)|    -|
    |   + grp_Conv3d_7_fu_165                                                                              |  Timing|  -0.00|    528353287|  5.284e+09|         -|    528353287|        -|        no|          -|    7 (~0%)|   1002 (~0%)|     3157 (1%)|    -|
    |    + grp_Conv3d_7_Pipeline_VITIS_LOOP_35_6_VITIS_LOOP_37_8_VITIS_LOOP_38_9_VITIS_LOOP_39_10_fu_334   |  Timing|  -0.00|         2317|  2.317e+04|         -|         2317|        -|        no|          -|    1 (~0%)|    326 (~0%)|    1359 (~0%)|    -|
    |     o VITIS_LOOP_35_6_VITIS_LOOP_37_8_VITIS_LOOP_38_9_VITIS_LOOP_39_10                               |       -|   7.30|         2315|  2.315e+04|        13|            1|     2304|       yes|          -|          -|            -|             -|    -|
    |    o VITIS_LOOP_27_1_VITIS_LOOP_29_3_VITIS_LOOP_30_4_VITIS_LOOP_31_5                                 |       -|   7.30|    528353283|  5.284e+09|      2340|            -|   225792|        no|          -|          -|            -|             -|    -|
    |   + grp_BatchNorm3d_131_fu_201                                                                       |       -|   0.24|      1806343|  1.806e+07|         -|      1806343|        -|        no|          -|    9 (~0%)|   1555 (~0%)|     2721 (1%)|    -|
    |    + grp_BatchNorm3d_131_Pipeline_VITIS_LOOP_18_5_fu_232                                             |       -|   0.40|           10|    100.000|         -|           10|        -|        no|          -|          -|    110 (~0%)|     987 (~0%)|    -|
    |     o VITIS_LOOP_18_5                                                                                |       -|   7.30|            8|     80.000|         3|            1|        7|       yes|          -|          -|            -|             -|    -|
    |    o VITIS_LOOP_14_1_VITIS_LOOP_16_3_VITIS_LOOP_17_4                                                 |       -|   7.30|      1806336|  1.806e+07|        56|            -|    32256|        no|          -|          -|            -|             -|    -|
    |   + grp_Conv3d_6_fu_233                                                                              |  Timing|  -0.00|    701059076|  7.011e+09|         -|    701059076|        -|        no|          -|    6 (~0%)|    993 (~0%)|     2690 (1%)|    -|
    |    + grp_Conv3d_6_Pipeline_VITIS_LOOP_35_6_VITIS_LOOP_37_8_VITIS_LOOP_38_9_VITIS_LOOP_39_10_fu_372   |  Timing|  -0.00|         3470|  3.470e+04|         -|         3470|        -|        no|          -|    1 (~0%)|    344 (~0%)|     914 (~0%)|    -|
    |     o VITIS_LOOP_35_6_VITIS_LOOP_37_8_VITIS_LOOP_38_9_VITIS_LOOP_39_10                               |       -|   7.30|         3468|  3.468e+04|        14|            1|     3456|       yes|          -|          -|            -|             -|    -|
    |    o VITIS_LOOP_27_1_VITIS_LOOP_29_3_VITIS_LOOP_30_4_VITIS_LOOP_31_5                                 |       -|   7.30|    701059075|  7.011e+09|      3493|            -|   200704|        no|          -|          -|            -|             -|    -|
    |   o VITIS_LOOP_7_1                                                                                   |       -|   7.30|       721280|  7.213e+06|         1|            1|   721280|       yes|          -|          -|            -|             -|    -|
    |  + grp_BatchNorm3d_136_fu_1670                                                                       |       -|   0.24|       903175|  9.032e+06|         -|       903175|        -|        no|          -|    8 (~0%)|   1527 (~0%)|     2691 (1%)|    -|
    |   + grp_BatchNorm3d_136_Pipeline_VITIS_LOOP_18_5_fu_216                                              |       -|   0.40|           17|    170.000|         -|           17|        -|        no|          -|          -|    113 (~0%)|     990 (~0%)|    -|
    |    o VITIS_LOOP_18_5                                                                                 |       -|   7.30|           15|    150.000|         3|            1|       14|       yes|          -|          -|            -|             -|    -|
    |   o VITIS_LOOP_14_1_VITIS_LOOP_16_3_VITIS_LOOP_17_4                                                  |       -|   7.30|       903168|  9.032e+06|        63|            -|    14336|        no|          -|          -|            -|             -|    -|
    |  + grp_Conv2Plus1D_112_fu_1721                                                                       |  Timing|  -0.00|   1231579352|  1.232e+10|         -|   1231579352|        -|        no|    6 (~0%)|    22 (1%)|   3604 (~0%)|     8903 (3%)|    -|
    |   + grp_Conv3d_7_fu_161                                                                              |  Timing|  -0.00|    528353287|  5.284e+09|         -|    528353287|        -|        no|          -|    7 (~0%)|   1002 (~0%)|     3157 (1%)|    -|
    |    + grp_Conv3d_7_Pipeline_VITIS_LOOP_35_6_VITIS_LOOP_37_8_VITIS_LOOP_38_9_VITIS_LOOP_39_10_fu_334   |  Timing|  -0.00|         2317|  2.317e+04|         -|         2317|        -|        no|          -|    1 (~0%)|    326 (~0%)|    1359 (~0%)|    -|
    |     o VITIS_LOOP_35_6_VITIS_LOOP_37_8_VITIS_LOOP_38_9_VITIS_LOOP_39_10                               |       -|   7.30|         2315|  2.315e+04|        13|            1|     2304|       yes|          -|          -|            -|             -|    -|
    |    o VITIS_LOOP_27_1_VITIS_LOOP_29_3_VITIS_LOOP_30_4_VITIS_LOOP_31_5                                 |       -|   7.30|    528353283|  5.284e+09|      2340|            -|   225792|        no|          -|          -|            -|             -|    -|
    |   + grp_BatchNorm3d_131_fu_197                                                                       |       -|   0.24|      1806343|  1.806e+07|         -|      1806343|        -|        no|          -|    9 (~0%)|   1555 (~0%)|     2721 (1%)|    -|
    |    + grp_BatchNorm3d_131_Pipeline_VITIS_LOOP_18_5_fu_232                                             |       -|   0.40|           10|    100.000|         -|           10|        -|        no|          -|          -|    110 (~0%)|     987 (~0%)|    -|
    |     o VITIS_LOOP_18_5                                                                                |       -|   7.30|            8|     80.000|         3|            1|        7|       yes|          -|          -|            -|             -|    -|
    |    o VITIS_LOOP_14_1_VITIS_LOOP_16_3_VITIS_LOOP_17_4                                                 |       -|   7.30|      1806336|  1.806e+07|        56|            -|    32256|        no|          -|          -|            -|             -|    -|
    |   + grp_Conv3d_6_fu_229                                                                              |  Timing|  -0.00|    701059076|  7.011e+09|         -|    701059076|        -|        no|          -|    6 (~0%)|    993 (~0%)|     2690 (1%)|    -|
    |    + grp_Conv3d_6_Pipeline_VITIS_LOOP_35_6_VITIS_LOOP_37_8_VITIS_LOOP_38_9_VITIS_LOOP_39_10_fu_372   |  Timing|  -0.00|         3470|  3.470e+04|         -|         3470|        -|        no|          -|    1 (~0%)|    344 (~0%)|     914 (~0%)|    -|
    |     o VITIS_LOOP_35_6_VITIS_LOOP_37_8_VITIS_LOOP_38_9_VITIS_LOOP_39_10                               |       -|   7.30|         3468|  3.468e+04|        14|            1|     3456|       yes|          -|          -|            -|             -|    -|
    |    o VITIS_LOOP_27_1_VITIS_LOOP_29_3_VITIS_LOOP_30_4_VITIS_LOOP_31_5                                 |       -|   7.30|    701059075|  7.011e+09|      3493|            -|   200704|        no|          -|          -|            -|             -|    -|
    |   o VITIS_LOOP_7_1                                                                                   |       -|   7.30|       360640|  3.606e+06|         1|            1|   360640|       yes|          -|          -|            -|             -|    -|
    |  + grp_Conv3d_6_fu_1752                                                                              |  Timing|  -0.00|    701059076|  7.011e+09|         -|    701059076|        -|        no|          -|    6 (~0%)|    993 (~0%)|     2690 (1%)|    -|
    |   + grp_Conv3d_6_Pipeline_VITIS_LOOP_35_6_VITIS_LOOP_37_8_VITIS_LOOP_38_9_VITIS_LOOP_39_10_fu_372    |  Timing|  -0.00|         3470|  3.470e+04|         -|         3470|        -|        no|          -|    1 (~0%)|    344 (~0%)|     914 (~0%)|    -|
    |    o VITIS_LOOP_35_6_VITIS_LOOP_37_8_VITIS_LOOP_38_9_VITIS_LOOP_39_10                                |       -|   7.30|         3468|  3.468e+04|        14|            1|     3456|       yes|          -|          -|            -|             -|    -|
    |   o VITIS_LOOP_27_1_VITIS_LOOP_29_3_VITIS_LOOP_30_4_VITIS_LOOP_31_5                                  |       -|   7.30|    701059075|  7.011e+09|      3493|            -|   200704|        no|          -|          -|            -|             -|    -|
    |  + grp_BatchNorm3d_2_fu_1795                                                                         |       -|   0.24|      8085514|  8.086e+07|         -|      8085514|        -|        no|    4 (~0%)|    5 (~0%)|   1171 (~0%)|    2270 (~0%)|    -|
    |   + grp_BatchNorm3d_2_Pipeline_VITIS_LOOP_18_5_fu_188                                                |       -|   0.24|          534|  5.340e+03|         -|          534|        -|        no|          -|    5 (~0%)|    651 (~0%)|    1612 (~0%)|    -|
    |    o VITIS_LOOP_18_5                                                                                 |      II|   7.30|          532|  5.320e+03|        39|           38|       14|       yes|          -|          -|            -|             -|    -|
    |   o VITIS_LOOP_14_1_VITIS_LOOP_16_3_VITIS_LOOP_17_4                                                  |       -|   7.30|      8085513|  8.086e+07|       564|            -|    14336|        no|          -|          -|            -|             -|    -|
    |  + grp_Sequential_Pipeline_VITIS_LOOP_172_6_fu_1814                                                  |       -|   5.78|       200706|  2.007e+06|         -|       200706|        -|        no|          -|          -|     28 (~0%)|      74 (~0%)|    -|
    |   o VITIS_LOOP_172_6                                                                                 |       -|   7.30|       200704|  2.007e+06|         1|            1|   200704|       yes|          -|          -|            -|             -|    -|
    |  + grp_Conv2Plus1D_111_fu_1823                                                                       |  Timing|  -0.00|    966364690|  9.664e+09|         -|    966364690|        -|        no|          -|   15 (~0%)|   3279 (~0%)|     8477 (3%)|    -|
    |   + grp_Conv3d_8_fu_209                                                                              |  Timing|  -0.00|    263950849|  2.640e+09|         -|    263950849|        -|        no|          -|    1 (~0%)|    704 (~0%)|     2659 (1%)|    -|
    |    + grp_Conv3d_8_Pipeline_VITIS_LOOP_35_6_VITIS_LOOP_37_8_VITIS_LOOP_38_9_VITIS_LOOP_39_10_fu_280   |  Timing|  -0.00|         2318|  2.318e+04|         -|         2318|        -|        no|          -|    1 (~0%)|    333 (~0%)|    1227 (~0%)|    -|
    |     o VITIS_LOOP_35_6_VITIS_LOOP_37_8_VITIS_LOOP_38_9_VITIS_LOOP_39_10                               |       -|   7.30|         2316|  2.316e+04|        14|            1|     2304|       yes|          -|          -|            -|             -|    -|
    |    o VITIS_LOOP_27_1_VITIS_LOOP_29_3_VITIS_LOOP_30_4_VITIS_LOOP_31_5                                 |       -|   7.30|    263950848|  2.640e+09|      2338|            -|   112896|        no|          -|          -|            -|             -|    -|
    |   + grp_BatchNorm3d_132_fu_235                                                                       |       -|   0.24|       903175|  9.032e+06|         -|       903175|        -|        no|          -|    5 (~0%)|   1400 (~0%)|     2556 (1%)|    -|
    |    + grp_BatchNorm3d_132_Pipeline_VITIS_LOOP_18_5_fu_218                                             |       -|   0.40|           10|    100.000|         -|           10|        -|        no|          -|          -|    112 (~0%)|     987 (~0%)|    -|
    |     o VITIS_LOOP_18_5                                                                                |       -|   7.30|            8|     80.000|         3|            1|        7|       yes|          -|          -|            -|             -|    -|
    |    o VITIS_LOOP_14_1_VITIS_LOOP_16_3_VITIS_LOOP_17_4                                                 |       -|   7.30|       903168|  9.032e+06|        56|            -|    16128|        no|          -|          -|            -|             -|    -|
    |   + grp_Conv3d_6_fu_261                                                                              |  Timing|  -0.00|    701059076|  7.011e+09|         -|    701059076|        -|        no|          -|    6 (~0%)|    993 (~0%)|     2690 (1%)|    -|
    |    + grp_Conv3d_6_Pipeline_VITIS_LOOP_35_6_VITIS_LOOP_37_8_VITIS_LOOP_38_9_VITIS_LOOP_39_10_fu_372   |  Timing|  -0.00|         3470|  3.470e+04|         -|         3470|        -|        no|          -|    1 (~0%)|    344 (~0%)|     914 (~0%)|    -|
    |     o VITIS_LOOP_35_6_VITIS_LOOP_37_8_VITIS_LOOP_38_9_VITIS_LOOP_39_10                               |       -|   7.30|         3468|  3.468e+04|        14|            1|     3456|       yes|          -|          -|            -|             -|    -|
    |    o VITIS_LOOP_27_1_VITIS_LOOP_29_3_VITIS_LOOP_30_4_VITIS_LOOP_31_5                                 |       -|   7.30|    701059075|  7.011e+09|      3493|            -|   200704|        no|          -|          -|            -|             -|    -|
    |   o VITIS_LOOP_7_1                                                                                   |       -|   7.30|       451584|  4.516e+06|         1|            1|   451584|       yes|          -|          -|            -|             -|    -|
    |  + grp_Sequential_Pipeline_VITIS_LOOP_194_7_fu_1886                                                  |       -|   5.78|       200706|  2.007e+06|         -|       200706|        -|        no|          -|          -|     28 (~0%)|      74 (~0%)|    -|
    |   o VITIS_LOOP_194_7                                                                                 |       -|   7.30|       200704|  2.007e+06|         1|            1|   200704|       yes|          -|          -|            -|             -|    -|
    |  + grp_Conv2Plus1D_1_fu_1896                                                                         |  Timing|  -0.00|   1226055484|  1.226e+10|         -|   1226055484|        -|        no|    11 (1%)|    22 (1%)|   3601 (~0%)|     9065 (3%)|    -|
    |   + grp_Conv3d_10_fu_163                                                                             |  Timing|  -0.00|   1048803847|  1.049e+10|         -|   1048803847|        -|        no|          -|    7 (~0%)|   1040 (~0%)|     3359 (1%)|    -|
    |    + grp_Conv3d_10_Pipeline_VITIS_LOOP_35_6_VITIS_LOOP_37_8_VITIS_LOOP_38_9_VITIS_LOOP_39_10_fu_364  |  Timing|  -0.00|         4622|  4.622e+04|         -|         4622|        -|        no|          -|    1 (~0%)|    339 (~0%)|    1496 (~0%)|    -|
    |     o VITIS_LOOP_35_6_VITIS_LOOP_37_8_VITIS_LOOP_38_9_VITIS_LOOP_39_10                               |       -|   7.30|         4620|  4.620e+04|        14|            1|     4608|       yes|          -|          -|            -|             -|    -|
    |    o VITIS_LOOP_27_1_VITIS_LOOP_29_3_VITIS_LOOP_30_4_VITIS_LOOP_31_5                                 |       -|   7.30|   1048803843|  1.049e+10|      4645|            -|   225792|        no|          -|          -|            -|             -|    -|
    |   + grp_BatchNorm3d_133_fu_205                                                                       |       -|   0.24|      1806343|  1.806e+07|         -|      1806343|        -|        no|          -|    9 (~0%)|   1558 (~0%)|     2723 (1%)|    -|
    |    + grp_BatchNorm3d_133_Pipeline_VITIS_LOOP_18_5_fu_230                                             |       -|   0.40|           10|    100.000|         -|           10|        -|        no|          -|          -|    112 (~0%)|     987 (~0%)|    -|
    |     o VITIS_LOOP_18_5                                                                                |       -|   7.30|            8|     80.000|         3|            1|        7|       yes|          -|          -|            -|             -|    -|
    |    o VITIS_LOOP_14_1_VITIS_LOOP_16_3_VITIS_LOOP_17_4                                                 |       -|   7.30|      1806336|  1.806e+07|        56|            -|    32256|        no|          -|          -|            -|             -|    -|
    |   + grp_Conv3d_9_fu_237                                                                              |  Timing|  -0.00|    175264772|  1.753e+09|         -|    175264772|        -|        no|          -|    6 (~0%)|    950 (~0%)|     2667 (1%)|    -|
    |    + grp_Conv3d_9_Pipeline_VITIS_LOOP_35_6_VITIS_LOOP_37_8_VITIS_LOOP_38_9_VITIS_LOOP_39_10_fu_376   |  Timing|  -0.00|         3470|  3.470e+04|         -|         3470|        -|        no|          -|    1 (~0%)|    336 (~0%)|     933 (~0%)|    -|
    |     o VITIS_LOOP_35_6_VITIS_LOOP_37_8_VITIS_LOOP_38_9_VITIS_LOOP_39_10                               |       -|   7.30|         3468|  3.468e+04|        14|            1|     3456|       yes|          -|          -|            -|             -|    -|
    |    o VITIS_LOOP_27_1_VITIS_LOOP_29_3_VITIS_LOOP_30_4_VITIS_LOOP_31_5                                 |       -|   7.30|    175264771|  1.753e+09|      3493|            -|    50176|        no|          -|          -|            -|             -|    -|
    |   o VITIS_LOOP_7_1                                                                                   |       -|   7.30|       180516|  1.805e+06|         1|            1|   180516|       yes|          -|          -|            -|             -|    -|
    |  + grp_BatchNorm3d_135_fu_1929                                                                       |       -|   0.24|       401415|  4.014e+06|         -|       401415|        -|        no|          -|    8 (~0%)|   1524 (~0%)|     2685 (1%)|    -|
    |   + grp_BatchNorm3d_135_Pipeline_VITIS_LOOP_18_5_fu_218                                              |       -|   0.40|           10|    100.000|         -|           10|        -|        no|          -|          -|    112 (~0%)|     987 (~0%)|    -|
    |    o VITIS_LOOP_18_5                                                                                 |       -|   7.30|            8|     80.000|         3|            1|        7|       yes|          -|          -|            -|             -|    -|
    |   o VITIS_LOOP_14_1_VITIS_LOOP_16_3_VITIS_LOOP_17_4                                                  |       -|   7.30|       401408|  4.014e+06|        56|            -|     7168|        no|          -|          -|            -|             -|    -|
    |  + grp_Conv2Plus1D_110_fu_1981                                                                       |  Timing|  -0.00|   1225965226|  1.226e+10|         -|   1225965226|        -|        no|    11 (1%)|    22 (1%)|   3600 (~0%)|     9082 (3%)|    -|
    |   + grp_Conv3d_10_fu_157                                                                             |  Timing|  -0.00|   1048803847|  1.049e+10|         -|   1048803847|        -|        no|          -|    7 (~0%)|   1040 (~0%)|     3359 (1%)|    -|
    |    + grp_Conv3d_10_Pipeline_VITIS_LOOP_35_6_VITIS_LOOP_37_8_VITIS_LOOP_38_9_VITIS_LOOP_39_10_fu_364  |  Timing|  -0.00|         4622|  4.622e+04|         -|         4622|        -|        no|          -|    1 (~0%)|    339 (~0%)|    1496 (~0%)|    -|
    |     o VITIS_LOOP_35_6_VITIS_LOOP_37_8_VITIS_LOOP_38_9_VITIS_LOOP_39_10                               |       -|   7.30|         4620|  4.620e+04|        14|            1|     4608|       yes|          -|          -|            -|             -|    -|
    |    o VITIS_LOOP_27_1_VITIS_LOOP_29_3_VITIS_LOOP_30_4_VITIS_LOOP_31_5                                 |       -|   7.30|   1048803843|  1.049e+10|      4645|            -|   225792|        no|          -|          -|            -|             -|    -|
    |   + grp_BatchNorm3d_133_fu_199                                                                       |       -|   0.24|      1806343|  1.806e+07|         -|      1806343|        -|        no|          -|    9 (~0%)|   1558 (~0%)|     2723 (1%)|    -|
    |    + grp_BatchNorm3d_133_Pipeline_VITIS_LOOP_18_5_fu_230                                             |       -|   0.40|           10|    100.000|         -|           10|        -|        no|          -|          -|    112 (~0%)|     987 (~0%)|    -|
    |     o VITIS_LOOP_18_5                                                                                |       -|   7.30|            8|     80.000|         3|            1|        7|       yes|          -|          -|            -|             -|    -|
    |    o VITIS_LOOP_14_1_VITIS_LOOP_16_3_VITIS_LOOP_17_4                                                 |       -|   7.30|      1806336|  1.806e+07|        56|            -|    32256|        no|          -|          -|            -|             -|    -|
    |   + grp_Conv3d_9_fu_231                                                                              |  Timing|  -0.00|    175264772|  1.753e+09|         -|    175264772|        -|        no|          -|    6 (~0%)|    950 (~0%)|     2667 (1%)|    -|
    |    + grp_Conv3d_9_Pipeline_VITIS_LOOP_35_6_VITIS_LOOP_37_8_VITIS_LOOP_38_9_VITIS_LOOP_39_10_fu_376   |  Timing|  -0.00|         3470|  3.470e+04|         -|         3470|        -|        no|          -|    1 (~0%)|    336 (~0%)|     933 (~0%)|    -|
    |     o VITIS_LOOP_35_6_VITIS_LOOP_37_8_VITIS_LOOP_38_9_VITIS_LOOP_39_10                               |       -|   7.30|         3468|  3.468e+04|        14|            1|     3456|       yes|          -|          -|            -|             -|    -|
    |    o VITIS_LOOP_27_1_VITIS_LOOP_29_3_VITIS_LOOP_30_4_VITIS_LOOP_31_5                                 |       -|   7.30|    175264771|  1.753e+09|      3493|            -|    50176|        no|          -|          -|            -|             -|    -|
    |   o VITIS_LOOP_7_1                                                                                   |       -|   7.30|        90258|  9.026e+05|         1|            1|    90258|       yes|          -|          -|            -|             -|    -|
    |  + grp_Conv3d_9_fu_2012                                                                              |  Timing|  -0.00|    175264772|  1.753e+09|         -|    175264772|        -|        no|          -|    6 (~0%)|    950 (~0%)|     2667 (1%)|    -|
    |   + grp_Conv3d_9_Pipeline_VITIS_LOOP_35_6_VITIS_LOOP_37_8_VITIS_LOOP_38_9_VITIS_LOOP_39_10_fu_376    |  Timing|  -0.00|         3470|  3.470e+04|         -|         3470|        -|        no|          -|    1 (~0%)|    336 (~0%)|     933 (~0%)|    -|
    |    o VITIS_LOOP_35_6_VITIS_LOOP_37_8_VITIS_LOOP_38_9_VITIS_LOOP_39_10                                |       -|   7.30|         3468|  3.468e+04|        14|            1|     3456|       yes|          -|          -|            -|             -|    -|
    |   o VITIS_LOOP_27_1_VITIS_LOOP_29_3_VITIS_LOOP_30_4_VITIS_LOOP_31_5                                  |       -|   7.30|    175264771|  1.753e+09|      3493|            -|    50176|        no|          -|          -|            -|             -|    -|
    |  + grp_BatchNorm3d_1_fu_2055                                                                         |       -|   0.24|      2136074|  2.136e+07|         -|      2136074|        -|        no|    4 (~0%)|    5 (~0%)|   1168 (~0%)|    2262 (~0%)|    -|
    |   + grp_BatchNorm3d_1_Pipeline_VITIS_LOOP_18_5_fu_188                                                |       -|   0.24|          268|  2.680e+03|         -|          268|        -|        no|          -|    5 (~0%)|    650 (~0%)|    1609 (~0%)|    -|
    |    o VITIS_LOOP_18_5                                                                                 |      II|   7.30|          266|  2.660e+03|        39|           38|        7|       yes|          -|          -|            -|             -|    -|
    |   o VITIS_LOOP_14_1_VITIS_LOOP_16_3_VITIS_LOOP_17_4                                                  |       -|   7.30|      2136073|  2.136e+07|       298|            -|     7168|        no|          -|          -|            -|             -|    -|
    |  + grp_Sequential_Pipeline_VITIS_LOOP_214_8_fu_2074                                                  |       -|   5.77|        50178|  5.018e+05|         -|        50178|        -|        no|          -|          -|     26 (~0%)|      72 (~0%)|    -|
    |   o VITIS_LOOP_214_8                                                                                 |       -|   7.30|        50176|  5.018e+05|         1|            1|    50176|       yes|          -|          -|            -|             -|    -|
    |  + grp_Conv2Plus1D_fu_2083                                                                           |  Timing|  -0.00|    700344082|  7.003e+09|         -|    700344082|        -|        no|          -|   15 (~0%)|   3245 (~0%)|     8514 (3%)|    -|
    |   + grp_Conv3d_11_fu_207                                                                             |  Timing|  -0.00|    524063233|  5.241e+09|         -|    524063233|        -|        no|          -|    1 (~0%)|    714 (~0%)|     2741 (1%)|    -|
    |    + grp_Conv3d_11_Pipeline_VITIS_LOOP_35_6_VITIS_LOOP_37_8_VITIS_LOOP_38_9_VITIS_LOOP_39_10_fu_278  |  Timing|  -0.00|         4622|  4.622e+04|         -|         4622|        -|        no|          -|    1 (~0%)|    336 (~0%)|    1308 (~0%)|    -|
    |     o VITIS_LOOP_35_6_VITIS_LOOP_37_8_VITIS_LOOP_38_9_VITIS_LOOP_39_10                               |       -|   7.30|         4620|  4.620e+04|        14|            1|     4608|       yes|          -|          -|            -|             -|    -|
    |    o VITIS_LOOP_27_1_VITIS_LOOP_29_3_VITIS_LOOP_30_4_VITIS_LOOP_31_5                                 |       -|   7.30|    524063232|  5.241e+09|      4642|            -|   112896|        no|          -|          -|            -|             -|    -|
    |   + grp_BatchNorm3d_134_fu_233                                                                       |       -|   0.24|       903175|  9.032e+06|         -|       903175|        -|        no|          -|    5 (~0%)|   1401 (~0%)|     2536 (1%)|    -|
    |    + grp_BatchNorm3d_134_Pipeline_VITIS_LOOP_18_5_fu_214                                             |       -|   0.40|           10|    100.000|         -|           10|        -|        no|          -|          -|    112 (~0%)|     987 (~0%)|    -|
    |     o VITIS_LOOP_18_5                                                                                |       -|   7.30|            8|     80.000|         3|            1|        7|       yes|          -|          -|            -|             -|    -|
    |    o VITIS_LOOP_14_1_VITIS_LOOP_16_3_VITIS_LOOP_17_4                                                 |       -|   7.30|       903168|  9.032e+06|        56|            -|    16128|        no|          -|          -|            -|             -|    -|
    |   + grp_Conv3d_9_fu_259                                                                              |  Timing|  -0.00|    175264772|  1.753e+09|         -|    175264772|        -|        no|          -|    6 (~0%)|    950 (~0%)|     2667 (1%)|    -|
    |    + grp_Conv3d_9_Pipeline_VITIS_LOOP_35_6_VITIS_LOOP_37_8_VITIS_LOOP_38_9_VITIS_LOOP_39_10_fu_376   |  Timing|  -0.00|         3470|  3.470e+04|         -|         3470|        -|        no|          -|    1 (~0%)|    336 (~0%)|     933 (~0%)|    -|
    |     o VITIS_LOOP_35_6_VITIS_LOOP_37_8_VITIS_LOOP_38_9_VITIS_LOOP_39_10                               |       -|   7.30|         3468|  3.468e+04|        14|            1|     3456|       yes|          -|          -|            -|             -|    -|
    |    o VITIS_LOOP_27_1_VITIS_LOOP_29_3_VITIS_LOOP_30_4_VITIS_LOOP_31_5                                 |       -|   7.30|    175264771|  1.753e+09|      3493|            -|    50176|        no|          -|          -|            -|             -|    -|
    |   o VITIS_LOOP_7_1                                                                                   |       -|   7.30|       112896|  1.129e+06|         1|            1|   112896|       yes|          -|          -|            -|             -|    -|
    |  + grp_Sequential_Pipeline_VITIS_LOOP_233_9_fu_2146                                                  |       -|   5.77|        50178|  5.018e+05|         -|        50178|        -|        no|          -|          -|     18 (~0%)|      63 (~0%)|    -|
    |   o VITIS_LOOP_233_9                                                                                 |       -|   7.30|        50176|  5.018e+05|         1|            1|    50176|       yes|          -|          -|            -|             -|    -|
    | + grp_r2plus1d_Pipeline_VITIS_LOOP_24_2_fu_1479                                                      |       -|   2.16|          514|  5.140e+03|         -|          514|        -|        no|          -|          -|     13 (~0%)|     611 (~0%)|    -|
    |  o VITIS_LOOP_24_2                                                                                   |       -|   7.30|          512|  5.120e+03|         2|            1|      512|       yes|          -|          -|            -|             -|    -|
    | + grp_r2plus1d_Pipeline_VITIS_LOOP_37_2_VITIS_LOOP_40_3_fu_1492                                      |  Timing|  -0.00|         5170|  5.170e+04|         -|         5170|        -|        no|          -|    23 (1%)|   1583 (~0%)|    1601 (~0%)|    -|
    |  o VITIS_LOOP_37_2_VITIS_LOOP_40_3                                                                   |       -|   7.30|         5168|  5.168e+04|        50|            1|     5120|       yes|          -|          -|            -|             -|    -|
    | + grp_r2plus1d_Pipeline_VITIS_LOOP_526_1_fu_1509                                                     |  Timing|  -0.00|           13|    130.000|         -|           13|        -|        no|          -|          -|     17 (~0%)|      70 (~0%)|    -|
    |  o VITIS_LOOP_526_1                                                                                  |       -|   7.30|           11|    110.000|         3|            1|       10|       yes|          -|          -|            -|             -|    -|
    +------------------------------------------------------------------------------------------------------+--------+-------+-------------+-----------+----------+-------------+---------+----------+-----------+-----------+-------------+--------------+-----+


================================================================
== HW Interfaces
================================================================
* M_AXI
+------------+------------+---------------+---------+--------+----------+-----------+--------------+--------------+-------------+-------------+
| Interface  | Data Width | Address Width | Latency | Offset | Register | Max Widen | Max Read     | Max Write    | Num Read    | Num Write   |
|            | (SW->HW)   |               |         |        |          | Bitwidth  | Burst Length | Burst Length | Outstanding | Outstanding |
+------------+------------+---------------+---------+--------+----------+-----------+--------------+--------------+-------------+-------------+
| m_axi_gmem | 8 -> 8     | 64            | 0       | slave  | 0        | 0         | 16           | 16           | 16          | 16          |
+------------+------------+---------------+---------+--------+----------+-----------+--------------+--------------+-------------+-------------+

* S_AXILITE
+---------------+------------+---------------+--------+----------+
| Interface     | Data Width | Address Width | Offset | Register |
+---------------+------------+---------------+--------+----------+
| s_axi_control | 32         | 9             | 16     | 0        |
+---------------+------------+---------------+--------+----------+

* REGISTER
+----------------+---------+----------+
| Interface      | Mode    | Bitwidth |
+----------------+---------+----------+
| X2_data_i      | ap_none | 8        |
| X2_data_o      | ap_none | 8        |
| X2_tmp_data_i  | ap_none | 8        |
| X2_tmp_data_o  | ap_none | 8        |
| X_adap_i       | ap_none | 8        |
| X_adap_o       | ap_none | 8        |
| X_batch_data_i | ap_none | 8        |
| X_batch_data_o | ap_none | 8        |
| X_mid_data_i   | ap_none | 8        |
| X_mid_data_o   | ap_none | 8        |
| X_seq_i        | ap_none | 8        |
| X_seq_o        | ap_none | 8        |
| X_stem_1_i     | ap_none | 8        |
| X_stem_1_o     | ap_none | 8        |
| X_stem_2_i     | ap_none | 8        |
| X_stem_2_o     | ap_none | 8        |
| X_tmp_data_i   | ap_none | 8        |
| X_tmp_data_o   | ap_none | 8        |
+----------------+---------+----------+

* TOP LEVEL CONTROL
+-----------+------------+-----------+
| Interface | Type       | Ports     |
+-----------+------------+-----------+
| ap_clk    | clock      | ap_clk    |
| ap_rst_n  | reset      | ap_rst_n  |
| interrupt | interrupt  | interrupt |
| ap_ctrl   | ap_ctrl_hs |           |
+-----------+------------+-----------+


================================================================
== SW I/O Information
================================================================
* Top Function Arguments
+----------------------------+-----------+----------------+
| Argument                   | Direction | Datatype       |
+----------------------------+-----------+----------------+
| X                          | inout     | unsigned char* |
| Y                          | inout     | unsigned char* |
| Kernel_stem_0              | inout     | signed char*   |
| Kernel_stem_3              | inout     | signed char*   |
| Kernel_seq1_0_conv1_0_0    | inout     | signed char*   |
| Kernel_seq1_0_conv1_0_3    | inout     | signed char*   |
| Kernel_seq1_0_conv2_0_0    | inout     | signed char*   |
| Kernel_seq1_0_conv2_0_3    | inout     | signed char*   |
| Kernel_seq1_1_conv1_0_0    | inout     | signed char*   |
| Kernel_seq1_1_conv1_0_3    | inout     | signed char*   |
| Kernel_seq1_1_conv2_0_0    | inout     | signed char*   |
| Kernel_seq1_1_conv2_0_3    | inout     | signed char*   |
| Kernel_seq2_0_conv1_0_0    | inout     | signed char*   |
| Kernel_seq2_0_conv1_0_3    | inout     | signed char*   |
| Kernel_seq2_0_conv2_0_0    | inout     | signed char*   |
| Kernel_seq2_0_conv2_0_3    | inout     | signed char*   |
| Kernel_seq2_0_downsample_0 | inout     | signed char*   |
| Kernel_seq2_1_conv1_0_0    | inout     | signed char*   |
| Kernel_seq2_1_conv1_0_3    | inout     | signed char*   |
| Kernel_seq2_1_conv2_0_0    | inout     | signed char*   |
| Kernel_seq2_1_conv2_0_3    | inout     | signed char*   |
| Kernel_seq3_0_conv1_0_0    | inout     | signed char*   |
| Kernel_seq3_0_conv1_0_3    | inout     | signed char*   |
| Kernel_seq3_0_conv2_0_0    | inout     | signed char*   |
| Kernel_seq3_0_conv2_0_3    | inout     | signed char*   |
| Kernel_seq3_0_downsample_0 | inout     | signed char*   |
| Kernel_seq3_1_conv1_0_0    | inout     | signed char*   |
| Kernel_seq3_1_conv1_0_3    | inout     | signed char*   |
| Kernel_seq3_1_conv2_0_0    | inout     | signed char*   |
| Kernel_seq3_1_conv2_0_3    | inout     | signed char*   |
| Kernel_seq4_0_conv1_0_0    | inout     | signed char*   |
| Kernel_seq4_0_conv1_0_3    | inout     | signed char*   |
| Kernel_seq4_0_conv2_0_0    | inout     | signed char*   |
| Kernel_seq4_0_conv2_0_3    | inout     | signed char*   |
| Kernel_seq4_0_downsample_0 | inout     | signed char*   |
| Kernel_seq4_1_conv1_0_0    | inout     | signed char*   |
| Kernel_seq4_1_conv1_0_3    | inout     | signed char*   |
| Kernel_seq4_1_conv2_0_0    | inout     | signed char*   |
| Kernel_seq4_1_conv2_0_3    | inout     | signed char*   |
| Kernel_linear              | inout     | signed char*   |
| X_stem_1                   | inout     | unsigned char* |
| X_stem_2                   | inout     | unsigned char* |
| X_seq                      | inout     | unsigned char* |
| X_adap                     | inout     | unsigned char* |
| X_tmp_data                 | inout     | unsigned char* |
| X2_data                    | inout     | unsigned char* |
| X2_tmp_data                | inout     | unsigned char* |
| X_mid_data                 | inout     | unsigned char* |
| X_batch_data               | inout     | unsigned char* |
+----------------------------+-----------+----------------+

* SW-to-HW Mapping
+----------------------------+--------------------------------------------+-----------+----------+------------------------+
| Argument                   | HW Name                                    | HW Type   | HW Usage | HW Info                |
+----------------------------+--------------------------------------------+-----------+----------+------------------------+
| X                          | m_axi_gmem                                 | interface |          |                        |
| X                          | s_axi_control X_1                          | register  | offset   | offset=0x10, range=32  |
| X                          | s_axi_control X_2                          | register  | offset   | offset=0x14, range=32  |
| Y                          | m_axi_gmem                                 | interface |          |                        |
| Y                          | s_axi_control Y_1                          | register  | offset   | offset=0x1c, range=32  |
| Y                          | s_axi_control Y_2                          | register  | offset   | offset=0x20, range=32  |
| Kernel_stem_0              | m_axi_gmem                                 | interface |          |                        |
| Kernel_stem_0              | s_axi_control Kernel_stem_0_1              | register  | offset   | offset=0x28, range=32  |
| Kernel_stem_0              | s_axi_control Kernel_stem_0_2              | register  | offset   | offset=0x2c, range=32  |
| Kernel_stem_3              | m_axi_gmem                                 | interface |          |                        |
| Kernel_stem_3              | s_axi_control Kernel_stem_3_1              | register  | offset   | offset=0x34, range=32  |
| Kernel_stem_3              | s_axi_control Kernel_stem_3_2              | register  | offset   | offset=0x38, range=32  |
| Kernel_seq1_0_conv1_0_0    | m_axi_gmem                                 | interface |          |                        |
| Kernel_seq1_0_conv1_0_0    | s_axi_control Kernel_seq1_0_conv1_0_0_1    | register  | offset   | offset=0x40, range=32  |
| Kernel_seq1_0_conv1_0_0    | s_axi_control Kernel_seq1_0_conv1_0_0_2    | register  | offset   | offset=0x44, range=32  |
| Kernel_seq1_0_conv1_0_3    | m_axi_gmem                                 | interface |          |                        |
| Kernel_seq1_0_conv1_0_3    | s_axi_control Kernel_seq1_0_conv1_0_3_1    | register  | offset   | offset=0x4c, range=32  |
| Kernel_seq1_0_conv1_0_3    | s_axi_control Kernel_seq1_0_conv1_0_3_2    | register  | offset   | offset=0x50, range=32  |
| Kernel_seq1_0_conv2_0_0    | m_axi_gmem                                 | interface |          |                        |
| Kernel_seq1_0_conv2_0_0    | s_axi_control Kernel_seq1_0_conv2_0_0_1    | register  | offset   | offset=0x58, range=32  |
| Kernel_seq1_0_conv2_0_0    | s_axi_control Kernel_seq1_0_conv2_0_0_2    | register  | offset   | offset=0x5c, range=32  |
| Kernel_seq1_0_conv2_0_3    | m_axi_gmem                                 | interface |          |                        |
| Kernel_seq1_0_conv2_0_3    | s_axi_control Kernel_seq1_0_conv2_0_3_1    | register  | offset   | offset=0x64, range=32  |
| Kernel_seq1_0_conv2_0_3    | s_axi_control Kernel_seq1_0_conv2_0_3_2    | register  | offset   | offset=0x68, range=32  |
| Kernel_seq1_1_conv1_0_0    | m_axi_gmem                                 | interface |          |                        |
| Kernel_seq1_1_conv1_0_0    | s_axi_control Kernel_seq1_1_conv1_0_0_1    | register  | offset   | offset=0x70, range=32  |
| Kernel_seq1_1_conv1_0_0    | s_axi_control Kernel_seq1_1_conv1_0_0_2    | register  | offset   | offset=0x74, range=32  |
| Kernel_seq1_1_conv1_0_3    | m_axi_gmem                                 | interface |          |                        |
| Kernel_seq1_1_conv1_0_3    | s_axi_control Kernel_seq1_1_conv1_0_3_1    | register  | offset   | offset=0x7c, range=32  |
| Kernel_seq1_1_conv1_0_3    | s_axi_control Kernel_seq1_1_conv1_0_3_2    | register  | offset   | offset=0x80, range=32  |
| Kernel_seq1_1_conv2_0_0    | m_axi_gmem                                 | interface |          |                        |
| Kernel_seq1_1_conv2_0_0    | s_axi_control Kernel_seq1_1_conv2_0_0_1    | register  | offset   | offset=0x88, range=32  |
| Kernel_seq1_1_conv2_0_0    | s_axi_control Kernel_seq1_1_conv2_0_0_2    | register  | offset   | offset=0x8c, range=32  |
| Kernel_seq1_1_conv2_0_3    | m_axi_gmem                                 | interface |          |                        |
| Kernel_seq1_1_conv2_0_3    | s_axi_control Kernel_seq1_1_conv2_0_3_1    | register  | offset   | offset=0x94, range=32  |
| Kernel_seq1_1_conv2_0_3    | s_axi_control Kernel_seq1_1_conv2_0_3_2    | register  | offset   | offset=0x98, range=32  |
| Kernel_seq2_0_conv1_0_0    | m_axi_gmem                                 | interface |          |                        |
| Kernel_seq2_0_conv1_0_0    | s_axi_control Kernel_seq2_0_conv1_0_0_1    | register  | offset   | offset=0xa0, range=32  |
| Kernel_seq2_0_conv1_0_0    | s_axi_control Kernel_seq2_0_conv1_0_0_2    | register  | offset   | offset=0xa4, range=32  |
| Kernel_seq2_0_conv1_0_3    | m_axi_gmem                                 | interface |          |                        |
| Kernel_seq2_0_conv1_0_3    | s_axi_control Kernel_seq2_0_conv1_0_3_1    | register  | offset   | offset=0xac, range=32  |
| Kernel_seq2_0_conv1_0_3    | s_axi_control Kernel_seq2_0_conv1_0_3_2    | register  | offset   | offset=0xb0, range=32  |
| Kernel_seq2_0_conv2_0_0    | m_axi_gmem                                 | interface |          |                        |
| Kernel_seq2_0_conv2_0_0    | s_axi_control Kernel_seq2_0_conv2_0_0_1    | register  | offset   | offset=0xb8, range=32  |
| Kernel_seq2_0_conv2_0_0    | s_axi_control Kernel_seq2_0_conv2_0_0_2    | register  | offset   | offset=0xbc, range=32  |
| Kernel_seq2_0_conv2_0_3    | m_axi_gmem                                 | interface |          |                        |
| Kernel_seq2_0_conv2_0_3    | s_axi_control Kernel_seq2_0_conv2_0_3_1    | register  | offset   | offset=0xc4, range=32  |
| Kernel_seq2_0_conv2_0_3    | s_axi_control Kernel_seq2_0_conv2_0_3_2    | register  | offset   | offset=0xc8, range=32  |
| Kernel_seq2_0_downsample_0 | m_axi_gmem                                 | interface |          |                        |
| Kernel_seq2_0_downsample_0 | s_axi_control Kernel_seq2_0_downsample_0_1 | register  | offset   | offset=0xd0, range=32  |
| Kernel_seq2_0_downsample_0 | s_axi_control Kernel_seq2_0_downsample_0_2 | register  | offset   | offset=0xd4, range=32  |
| Kernel_seq2_1_conv1_0_0    | m_axi_gmem                                 | interface |          |                        |
| Kernel_seq2_1_conv1_0_0    | s_axi_control Kernel_seq2_1_conv1_0_0_1    | register  | offset   | offset=0xdc, range=32  |
| Kernel_seq2_1_conv1_0_0    | s_axi_control Kernel_seq2_1_conv1_0_0_2    | register  | offset   | offset=0xe0, range=32  |
| Kernel_seq2_1_conv1_0_3    | m_axi_gmem                                 | interface |          |                        |
| Kernel_seq2_1_conv1_0_3    | s_axi_control Kernel_seq2_1_conv1_0_3_1    | register  | offset   | offset=0xe8, range=32  |
| Kernel_seq2_1_conv1_0_3    | s_axi_control Kernel_seq2_1_conv1_0_3_2    | register  | offset   | offset=0xec, range=32  |
| Kernel_seq2_1_conv2_0_0    | m_axi_gmem                                 | interface |          |                        |
| Kernel_seq2_1_conv2_0_0    | s_axi_control Kernel_seq2_1_conv2_0_0_1    | register  | offset   | offset=0xf4, range=32  |
| Kernel_seq2_1_conv2_0_0    | s_axi_control Kernel_seq2_1_conv2_0_0_2    | register  | offset   | offset=0xf8, range=32  |
| Kernel_seq2_1_conv2_0_3    | m_axi_gmem                                 | interface |          |                        |
| Kernel_seq2_1_conv2_0_3    | s_axi_control Kernel_seq2_1_conv2_0_3_1    | register  | offset   | offset=0x100, range=32 |
| Kernel_seq2_1_conv2_0_3    | s_axi_control Kernel_seq2_1_conv2_0_3_2    | register  | offset   | offset=0x104, range=32 |
| Kernel_seq3_0_conv1_0_0    | m_axi_gmem                                 | interface |          |                        |
| Kernel_seq3_0_conv1_0_0    | s_axi_control Kernel_seq3_0_conv1_0_0_1    | register  | offset   | offset=0x10c, range=32 |
| Kernel_seq3_0_conv1_0_0    | s_axi_control Kernel_seq3_0_conv1_0_0_2    | register  | offset   | offset=0x110, range=32 |
| Kernel_seq3_0_conv1_0_3    | m_axi_gmem                                 | interface |          |                        |
| Kernel_seq3_0_conv1_0_3    | s_axi_control Kernel_seq3_0_conv1_0_3_1    | register  | offset   | offset=0x118, range=32 |
| Kernel_seq3_0_conv1_0_3    | s_axi_control Kernel_seq3_0_conv1_0_3_2    | register  | offset   | offset=0x11c, range=32 |
| Kernel_seq3_0_conv2_0_0    | m_axi_gmem                                 | interface |          |                        |
| Kernel_seq3_0_conv2_0_0    | s_axi_control Kernel_seq3_0_conv2_0_0_1    | register  | offset   | offset=0x124, range=32 |
| Kernel_seq3_0_conv2_0_0    | s_axi_control Kernel_seq3_0_conv2_0_0_2    | register  | offset   | offset=0x128, range=32 |
| Kernel_seq3_0_conv2_0_3    | m_axi_gmem                                 | interface |          |                        |
| Kernel_seq3_0_conv2_0_3    | s_axi_control Kernel_seq3_0_conv2_0_3_1    | register  | offset   | offset=0x130, range=32 |
| Kernel_seq3_0_conv2_0_3    | s_axi_control Kernel_seq3_0_conv2_0_3_2    | register  | offset   | offset=0x134, range=32 |
| Kernel_seq3_0_downsample_0 | m_axi_gmem                                 | interface |          |                        |
| Kernel_seq3_0_downsample_0 | s_axi_control Kernel_seq3_0_downsample_0_1 | register  | offset   | offset=0x13c, range=32 |
| Kernel_seq3_0_downsample_0 | s_axi_control Kernel_seq3_0_downsample_0_2 | register  | offset   | offset=0x140, range=32 |
| Kernel_seq3_1_conv1_0_0    | m_axi_gmem                                 | interface |          |                        |
| Kernel_seq3_1_conv1_0_0    | s_axi_control Kernel_seq3_1_conv1_0_0_1    | register  | offset   | offset=0x148, range=32 |
| Kernel_seq3_1_conv1_0_0    | s_axi_control Kernel_seq3_1_conv1_0_0_2    | register  | offset   | offset=0x14c, range=32 |
| Kernel_seq3_1_conv1_0_3    | m_axi_gmem                                 | interface |          |                        |
| Kernel_seq3_1_conv1_0_3    | s_axi_control Kernel_seq3_1_conv1_0_3_1    | register  | offset   | offset=0x154, range=32 |
| Kernel_seq3_1_conv1_0_3    | s_axi_control Kernel_seq3_1_conv1_0_3_2    | register  | offset   | offset=0x158, range=32 |
| Kernel_seq3_1_conv2_0_0    | m_axi_gmem                                 | interface |          |                        |
| Kernel_seq3_1_conv2_0_0    | s_axi_control Kernel_seq3_1_conv2_0_0_1    | register  | offset   | offset=0x160, range=32 |
| Kernel_seq3_1_conv2_0_0    | s_axi_control Kernel_seq3_1_conv2_0_0_2    | register  | offset   | offset=0x164, range=32 |
| Kernel_seq3_1_conv2_0_3    | m_axi_gmem                                 | interface |          |                        |
| Kernel_seq3_1_conv2_0_3    | s_axi_control Kernel_seq3_1_conv2_0_3_1    | register  | offset   | offset=0x16c, range=32 |
| Kernel_seq3_1_conv2_0_3    | s_axi_control Kernel_seq3_1_conv2_0_3_2    | register  | offset   | offset=0x170, range=32 |
| Kernel_seq4_0_conv1_0_0    | m_axi_gmem                                 | interface |          |                        |
| Kernel_seq4_0_conv1_0_0    | s_axi_control Kernel_seq4_0_conv1_0_0_1    | register  | offset   | offset=0x178, range=32 |
| Kernel_seq4_0_conv1_0_0    | s_axi_control Kernel_seq4_0_conv1_0_0_2    | register  | offset   | offset=0x17c, range=32 |
| Kernel_seq4_0_conv1_0_3    | m_axi_gmem                                 | interface |          |                        |
| Kernel_seq4_0_conv1_0_3    | s_axi_control Kernel_seq4_0_conv1_0_3_1    | register  | offset   | offset=0x184, range=32 |
| Kernel_seq4_0_conv1_0_3    | s_axi_control Kernel_seq4_0_conv1_0_3_2    | register  | offset   | offset=0x188, range=32 |
| Kernel_seq4_0_conv2_0_0    | m_axi_gmem                                 | interface |          |                        |
| Kernel_seq4_0_conv2_0_0    | s_axi_control Kernel_seq4_0_conv2_0_0_1    | register  | offset   | offset=0x190, range=32 |
| Kernel_seq4_0_conv2_0_0    | s_axi_control Kernel_seq4_0_conv2_0_0_2    | register  | offset   | offset=0x194, range=32 |
| Kernel_seq4_0_conv2_0_3    | m_axi_gmem                                 | interface |          |                        |
| Kernel_seq4_0_conv2_0_3    | s_axi_control Kernel_seq4_0_conv2_0_3_1    | register  | offset   | offset=0x19c, range=32 |
| Kernel_seq4_0_conv2_0_3    | s_axi_control Kernel_seq4_0_conv2_0_3_2    | register  | offset   | offset=0x1a0, range=32 |
| Kernel_seq4_0_downsample_0 | m_axi_gmem                                 | interface |          |                        |
| Kernel_seq4_0_downsample_0 | s_axi_control Kernel_seq4_0_downsample_0_1 | register  | offset   | offset=0x1a8, range=32 |
| Kernel_seq4_0_downsample_0 | s_axi_control Kernel_seq4_0_downsample_0_2 | register  | offset   | offset=0x1ac, range=32 |
| Kernel_seq4_1_conv1_0_0    | m_axi_gmem                                 | interface |          |                        |
| Kernel_seq4_1_conv1_0_0    | s_axi_control Kernel_seq4_1_conv1_0_0_1    | register  | offset   | offset=0x1b4, range=32 |
| Kernel_seq4_1_conv1_0_0    | s_axi_control Kernel_seq4_1_conv1_0_0_2    | register  | offset   | offset=0x1b8, range=32 |
| Kernel_seq4_1_conv1_0_3    | m_axi_gmem                                 | interface |          |                        |
| Kernel_seq4_1_conv1_0_3    | s_axi_control Kernel_seq4_1_conv1_0_3_1    | register  | offset   | offset=0x1c0, range=32 |
| Kernel_seq4_1_conv1_0_3    | s_axi_control Kernel_seq4_1_conv1_0_3_2    | register  | offset   | offset=0x1c4, range=32 |
| Kernel_seq4_1_conv2_0_0    | m_axi_gmem                                 | interface |          |                        |
| Kernel_seq4_1_conv2_0_0    | s_axi_control Kernel_seq4_1_conv2_0_0_1    | register  | offset   | offset=0x1cc, range=32 |
| Kernel_seq4_1_conv2_0_0    | s_axi_control Kernel_seq4_1_conv2_0_0_2    | register  | offset   | offset=0x1d0, range=32 |
| Kernel_seq4_1_conv2_0_3    | m_axi_gmem                                 | interface |          |                        |
| Kernel_seq4_1_conv2_0_3    | s_axi_control Kernel_seq4_1_conv2_0_3_1    | register  | offset   | offset=0x1d8, range=32 |
| Kernel_seq4_1_conv2_0_3    | s_axi_control Kernel_seq4_1_conv2_0_3_2    | register  | offset   | offset=0x1dc, range=32 |
| Kernel_linear              | m_axi_gmem                                 | interface |          |                        |
| Kernel_linear              | s_axi_control Kernel_linear_1              | register  | offset   | offset=0x1e4, range=32 |
| Kernel_linear              | s_axi_control Kernel_linear_2              | register  | offset   | offset=0x1e8, range=32 |
| X_stem_1                   | X_stem_1_i                                 | port      |          |                        |
| X_stem_1                   | X_stem_1_o                                 | port      |          |                        |
| X_stem_1                   | X_stem_1_o_ap_vld                          | port      |          |                        |
| X_stem_2                   | X_stem_2_i                                 | port      |          |                        |
| X_stem_2                   | X_stem_2_o                                 | port      |          |                        |
| X_stem_2                   | X_stem_2_o_ap_vld                          | port      |          |                        |
| X_seq                      | X_seq_i                                    | port      |          |                        |
| X_seq                      | X_seq_o                                    | port      |          |                        |
| X_seq                      | X_seq_o_ap_vld                             | port      |          |                        |
| X_adap                     | X_adap_i                                   | port      |          |                        |
| X_adap                     | X_adap_o                                   | port      |          |                        |
| X_adap                     | X_adap_o_ap_vld                            | port      |          |                        |
| X_tmp_data                 | X_tmp_data_i                               | port      |          |                        |
| X_tmp_data                 | X_tmp_data_o                               | port      |          |                        |
| X_tmp_data                 | X_tmp_data_o_ap_vld                        | port      |          |                        |
| X2_data                    | X2_data_i                                  | port      |          |                        |
| X2_data                    | X2_data_o                                  | port      |          |                        |
| X2_data                    | X2_data_o_ap_vld                           | port      |          |                        |
| X2_tmp_data                | X2_tmp_data_i                              | port      |          |                        |
| X2_tmp_data                | X2_tmp_data_o                              | port      |          |                        |
| X2_tmp_data                | X2_tmp_data_o_ap_vld                       | port      |          |                        |
| X_mid_data                 | X_mid_data_i                               | port      |          |                        |
| X_mid_data                 | X_mid_data_o                               | port      |          |                        |
| X_mid_data                 | X_mid_data_o_ap_vld                        | port      |          |                        |
| X_batch_data               | X_batch_data_i                             | port      |          |                        |
| X_batch_data               | X_batch_data_o                             | port      |          |                        |
| X_batch_data               | X_batch_data_o_ap_vld                      | port      |          |                        |
+----------------------------+--------------------------------------------+-----------+----------+------------------------+


================================================================
== M_AXI Burst Information
================================================================
* Burst Summary
+--------------+------------------+------------------------------------------------------------------------------------------------------------------------------------------------------------------------------------------------------------------------------------------------------------------------------------------------------+-----------------------------------------------------------------------------+
| HW Interface | Loop             | Message                                                                                                                                                                                                                                                                                              | Location                                                                    |
+--------------+------------------+------------------------------------------------------------------------------------------------------------------------------------------------------------------------------------------------------------------------------------------------------------------------------------------------------+-----------------------------------------------------------------------------+
| m_axi_gmem   | VITIS_LOOP_37_2  | Multiple burst reads of length 5120 and bit width 8(../../../Users/Paul/Documents/GitHub/23th-project/R2+1D/Linear.cpp:37:26). These bursts requests might be further partitioned into multiple requests during RTL generation, based on max_read_burst_length or max_write_burst_length settings.   | ../../../Users/Paul/Documents/GitHub/23th-project/R2+1D/Linear.cpp:37:26    |
| m_axi_gmem   | VITIS_LOOP_526_1 | Multiple burst writes of length 10 and bit width 8(../../../Users/Paul/Documents/GitHub/23th-project/R2+1D/r2plus1d.cpp:526:23). These bursts requests might be further partitioned into multiple requests during RTL generation, based on max_read_burst_length or max_write_burst_length settings. | ../../../Users/Paul/Documents/GitHub/23th-project/R2+1D/r2plus1d.cpp:526:23 |
+--------------+------------------+------------------------------------------------------------------------------------------------------------------------------------------------------------------------------------------------------------------------------------------------------------------------------------------------------+-----------------------------------------------------------------------------+

* Bursts and Widening Missed
+--------------+---------------+------------------------------------------------------------------------------------------------------------------+-----------------------------------------------------------------------------+
| HW Interface | Variable      | Problem                                                                                                          | Location                                                                    |
+--------------+---------------+------------------------------------------------------------------------------------------------------------------+-----------------------------------------------------------------------------+
| m_axi_gmem   | 1             | Could not widen since the size of type 'i8' is greater than or equal to the max_widen_bitwidth threshold of '0'. | ../../../Users/Paul/Documents/GitHub/23th-project/R2+1D/r2plus1d.cpp:526:23 |
| m_axi_gmem   | Kernel_linear | Could not widen since the size of type 'i8' is greater than or equal to the max_widen_bitwidth threshold of '0'. | ../../../Users/Paul/Documents/GitHub/23th-project/R2+1D/Linear.cpp:37:26    |
+--------------+---------------+------------------------------------------------------------------------------------------------------------------+-----------------------------------------------------------------------------+


