#-----------------------------------------------------------
# Vivado v2022.1 (64-bit)
# SW Build 3526262 on Mon Apr 18 15:48:16 MDT 2022
# IP Build 3524634 on Mon Apr 18 20:55:01 MDT 2022
# Start of session at: Sat Jul 30 22:07:01 2022
# Process ID: 26836
# Current directory: E:/project/23th-project/iris_hls/iris_hls_vivado/iris_hls_vivado.runs/design_2_processing_system7_0_0_synth_1
# Command line: vivado.exe -log design_2_processing_system7_0_0.vds -product Vivado -mode batch -messageDb vivado.pb -notrace -source design_2_processing_system7_0_0.tcl
# Log file: E:/project/23th-project/iris_hls/iris_hls_vivado/iris_hls_vivado.runs/design_2_processing_system7_0_0_synth_1/design_2_processing_system7_0_0.vds
# Journal file: E:/project/23th-project/iris_hls/iris_hls_vivado/iris_hls_vivado.runs/design_2_processing_system7_0_0_synth_1\vivado.jou
# Running On: 51-0460864-H1, OS: Windows, CPU Frequency: 2112 MHz, CPU Physical cores: 4, Host memory: 17005 MB
#-----------------------------------------------------------
source design_2_processing_system7_0_0.tcl -notrace
